Component: ARM Compiler 5.06 update 3 (build 300) Tool: armlink [4d35c9]

==============================================================================

Section Cross References

    startup_stm32f4xx.o(RESET) refers to startup_stm32f4xx.o(STACK) for __initial_sp
    startup_stm32f4xx.o(RESET) refers to startup_stm32f4xx.o(.text) for Reset_Handler
    startup_stm32f4xx.o(RESET) refers to stm32f4xx_it.o(i.NMI_Handler) for NMI_Handler
    startup_stm32f4xx.o(RESET) refers to stm32f4xx_it.o(i.HardFault_Handler) for HardFault_Handler
    startup_stm32f4xx.o(RESET) refers to stm32f4xx_it.o(i.MemManage_Handler) for MemManage_Handler
    startup_stm32f4xx.o(RESET) refers to stm32f4xx_it.o(i.BusFault_Handler) for BusFault_Handler
    startup_stm32f4xx.o(RESET) refers to stm32f4xx_it.o(i.UsageFault_Handler) for UsageFault_Handler
    startup_stm32f4xx.o(RESET) refers to stm32f4xx_it.o(i.SVC_Handler) for SVC_Handler
    startup_stm32f4xx.o(RESET) refers to stm32f4xx_it.o(i.DebugMon_Handler) for DebugMon_Handler
    startup_stm32f4xx.o(RESET) refers to stm32f4xx_it.o(i.PendSV_Handler) for PendSV_Handler
    startup_stm32f4xx.o(RESET) refers to stm32f4xx_it.o(i.SysTick_Handler) for SysTick_Handler
    startup_stm32f4xx.o(RESET) refers to usbd_usr.o(i.OTG_FS_IRQHandler) for OTG_FS_IRQHandler
    startup_stm32f4xx.o(.text) refers to system_stm32f4xx.o(i.SystemInit) for SystemInit
    startup_stm32f4xx.o(.text) refers to entry.o(.ARM.Collect$$$$00000000) for __main
    main.o(i.ALL_Config) refers to misc.o(i.NVIC_PriorityGroupConfig) for NVIC_PriorityGroupConfig
    main.o(i.ALL_Config) refers to os_global.o(i.SysTick_Init) for SysTick_Init
    main.o(i.ALL_Config) refers to main.o(i.RCC_PeriphInit) for RCC_PeriphInit
    main.o(i.ALL_Config) refers to key.o(i.MX_GPIO_Init) for MX_GPIO_Init
    main.o(i.ALL_Config) refers to stm32f4xx_rcc.o(i.RCC_GetClocksFreq) for RCC_GetClocksFreq
    main.o(i.ALL_Config) refers to usart.o(i.uart_init) for uart_init
    main.o(i.ALL_Config) refers to spi_flash_interface.o(i.flash_initialize) for flash_initialize
    main.o(i.ALL_Config) refers to usb_app.o(i.USB_Init) for USB_Init
    main.o(i.ALL_Config) refers to delay.o(i.delay_ms) for delay_ms
    main.o(i.ALL_Config) refers to lcd.o(i.LCD_init) for LCD_init
    main.o(i.ALL_Config) refers to mlx90640_swi2c_driver.o(i.IIC_GPIO_Init) for IIC_GPIO_Init
    main.o(i.ALL_Config) refers to ad.o(i.ADC1_Init) for ADC1_Init
    main.o(i.ALL_Config) refers to fatfs_demo.o(i.FatFs_Demo) for FatFs_Demo
    main.o(i.ALL_Config) refers to dma.o(i.MYDMA_Config) for MYDMA_Config
    main.o(i.ALL_Config) refers to delay.o(.data) for PCLK1_CLK
    main.o(i.ALL_Config) refers to main.o(.bss) for UsartBuff
    main.o(i.RCC_PeriphInit) refers to stm32f4xx_rcc.o(i.RCC_AHB1PeriphClockCmd) for RCC_AHB1PeriphClockCmd
    main.o(i.main) refers to main.o(i.ALL_Config) for ALL_Config
    main.o(i.main) refers to imagehandle.o(i.DispPowerShape) for DispPowerShape
    main.o(i.main) refers to imagehandle.o(i.DispBatPower) for DispBatPower
    main.o(i.main) refers to delay.o(i.delay_ms) for delay_ms
    main.o(i.main) refers to eeprom.o(i.EEP_ReadWord) for EEP_ReadWord
    main.o(i.main) refers to imagehandle.o(i.Dispbackground) for Dispbackground
    main.o(i.main) refers to imagehandle.o(i.DispReflectRate) for DispReflectRate
    main.o(i.main) refers to lcd.o(i.LCD_ShowString) for LCD_ShowString
    main.o(i.main) refers to imagehandle.o(i.SetSmoothingCoefficient) for SetSmoothingCoefficient
    main.o(i.main) refers to mlx90640_api.o(i.MLX90640_SetRefreshRate) for MLX90640_SetRefreshRate
    main.o(i.main) refers to mlx90640_api.o(i.MLX90640_SetChessMode) for MLX90640_SetChessMode
    main.o(i.main) refers to mlx90640_api.o(i.MLX90640_DumpEE) for MLX90640_DumpEE
    main.o(i.main) refers to mlx90640_api.o(i.MLX90640_ExtractParameters) for MLX90640_ExtractParameters
    main.o(i.main) refers to mlx90640_api.o(i.MLX90640_GetCurMode) for MLX90640_GetCurMode
    main.o(i.main) refers to mlx90640_api.o(i.MLX90640_GetFrameData) for MLX90640_GetFrameData
    main.o(i.main) refers to mlx90640_api.o(i.MLX90640_GetTa) for MLX90640_GetTa
    main.o(i.main) refers to key.o(i.KeyAction) for KeyAction
    main.o(i.main) refers to mlx90640_api.o(RAMCODE) for MLX90640_CalculateTo
    main.o(i.main) refers to mlx90640_api.o(i.MLX90640_BadPixelsCorrection) for MLX90640_BadPixelsCorrection
    main.o(i.main) refers to imagehandle.o(i.FindMaxMinTemp) for FindMaxMinTemp
    main.o(i.main) refers to imagehandle.o(i.AverageFilter) for AverageFilter
    main.o(i.main) refers to imagehandle.o(i.SetDispBuf) for SetDispBuf
    main.o(i.main) refers to imagehandle.o(i.DispMaxMinTemp) for DispMaxMinTemp
    main.o(i.main) refers to lcd.o(i.LCD_Fill) for LCD_Fill
    main.o(i.main) refers to imagehandle.o(i.Disp_BigFloatNum) for Disp_BigFloatNum
    main.o(i.main) refers to imagehandle.o(i.DispCross) for DispCross
    main.o(i.main) refers to main.o(.bss) for UsartBuff
[...]
    ExtractCILCParameters                    0x080036c9   Thumb Code   268  mlx90640_api.o(i.ExtractCILCParameters)
    ExtractCPParameters                      0x080037dd   Thumb Code   598  mlx90640_api.o(i.ExtractCPParameters)
    ExtractDeviatingPixels                   0x08003a55   Thumb Code   350  mlx90640_api.o(i.ExtractDeviatingPixels)
    ExtractGainParameters                    0x08003bb3   Thumb Code    20  mlx90640_api.o(i.ExtractGainParameters)
    ExtractKsTaParameters                    0x08003bc9   Thumb Code    62  mlx90640_api.o(i.ExtractKsTaParameters)
    ExtractKsToParameters                    0x08003c15   Thumb Code   262  mlx90640_api.o(i.ExtractKsToParameters)
    ExtractKtaPixelParameters                0x08003d25   Thumb Code   512  mlx90640_api.o(i.ExtractKtaPixelParameters)
    ExtractKvPixelParameters                 0x08003f2d   Thumb Code   348  mlx90640_api.o(i.ExtractKvPixelParameters)
    ExtractOffsetParameters                  0x08004091   Thumb Code   448  mlx90640_api.o(i.ExtractOffsetParameters)
    ExtractPTATParameters                    0x08004251   Thumb Code   216  mlx90640_api.o(i.ExtractPTATParameters)
    ExtractResolutionParameters              0x08004351   Thumb Code    14  mlx90640_api.o(i.ExtractResolutionParameters)
    ExtractTgcParameters                     0x08004361   Thumb Code    60  mlx90640_api.o(i.ExtractTgcParameters)
    ExtractVDDParameters                     0x080043a9   Thumb Code    52  mlx90640_api.o(i.ExtractVDDParameters)
    FILE_FormatDisk                          0x080043dd   Thumb Code   116  fatfs_demo.o(i.FILE_FormatDisk)
    FILE_GetDiskFree                         0x08004455   Thumb Code    40  fatfs_demo.o(i.FILE_GetDiskFree)
    FILE_Open                                0x08004485   Thumb Code    94  fatfs_demo.o(i.FILE_Open)
    FLASH_EraseSector                        0x080044ed   Thumb Code   130  stm32f4xx_flash.o(i.FLASH_EraseSector)
    FLASH_GetStatus                          0x08004575   Thumb Code    66  stm32f4xx_flash.o(i.FLASH_GetStatus)
    FLASH_Lock                               0x080045bd   Thumb Code    14  stm32f4xx_flash.o(i.FLASH_Lock)
    FLASH_ProgramHalfWord                    0x080045d1   Thumb Code    74  stm32f4xx_flash.o(i.FLASH_ProgramHalfWord)
    FLASH_Unlock                             0x08004621   Thumb Code    24  stm32f4xx_flash.o(i.FLASH_Unlock)
    FLASH_WaitForLastOperation               0x08004645   Thumb Code    34  stm32f4xx_flash.o(i.FLASH_WaitForLastOperation)
    FSMC_NORSRAMCmd                          0x08004669   Thumb Code    46  stm32f4xx_fsmc.o(i.FSMC_NORSRAMCmd)
    FSMC_NORSRAMInit                         0x0800469d   Thumb Code   230  stm32f4xx_fsmc.o(i.FSMC_NORSRAMInit)
    FatFs_Demo                               0x08004785   Thumb Code    14  fatfs_demo.o(i.FatFs_Demo)
    FindMaxMinTemp                           0x0800479d   Thumb Code   132  imagehandle.o(i.FindMaxMinTemp)
    GPIO_Init                                0x08004831   Thumb Code   144  stm32f4xx_gpio.o(i.GPIO_Init)
    GPIO_PinAFConfig                         0x080048c1   Thumb Code    70  stm32f4xx_gpio.o(i.GPIO_PinAFConfig)
    GPIO_SetBits                             0x08004907   Thumb Code     4  stm32f4xx_gpio.o(i.GPIO_SetBits)
    GetKeyBit                                0x0800490d   Thumb Code    66  key.o(i.GetKeyBit)
    GetMedian                                0x08004955   Thumb Code   160  mlx90640_api.o(i.GetMedian)
    HardFault_Handler                        0x08004a29   Thumb Code     4  stm32f4xx_it.o(i.HardFault_Handler)
    I2CReadBytes                             0x08004a2d   Thumb Code   156  mlx90640_swi2c_driver.o(i.I2CReadBytes)
    I2CReceiveAck                            0x08004ad1   Thumb Code    92  mlx90640_swi2c_driver.o(i.I2CReceiveAck)
    I2CRepeatedStart                         0x08004b35   Thumb Code    88  mlx90640_swi2c_driver.o(i.I2CRepeatedStart)
    I2CSendACK                               0x08004b95   Thumb Code    80  mlx90640_swi2c_driver.o(i.I2CSendACK)
    I2CSendByte                              0x08004bed   Thumb Code   124  mlx90640_swi2c_driver.o(i.I2CSendByte)
    I2CSendNack                              0x08004c71   Thumb Code    80  mlx90640_swi2c_driver.o(i.I2CSendNack)
    I2CStart                                 0x08004cc9   Thumb Code    76  mlx90640_swi2c_driver.o(i.I2CStart)
    I2CStop                                  0x08004d1d   Thumb Code    68  mlx90640_swi2c_driver.o(i.I2CStop)
    IIC_GPIO_Init                            0x08004d69   Thumb Code    52  mlx90640_swi2c_driver.o(i.IIC_GPIO_Init)
    IsPixelBad                               0x08004ddf   Thumb Code    50  mlx90640_api.o(i.IsPixelBad)
    KeyAction                                0x08004e11   Thumb Code   142  key.o(i.KeyAction)
    KeyScan                                  0x08004ead   Thumb Code   226  key.o(i.KeyScan)
    LCD_DrawLine                             0x08004fb1   Thumb Code   172  lcd.o(i.LCD_DrawLine)
    LCD_DrawPoint                            0x0800505d   Thumb Code    28  lcd.o(i.LCD_DrawPoint)
    LCD_Fill                                 0x0800507d   Thumb Code    62  lcd.o(i.LCD_Fill)
    LCD_GPIO_Init                            0x080050c1   Thumb Code   346  lcd.o(i.LCD_GPIO_Init)
    LCD_N                                    0x08005229   Thumb Code   116  lcd.o(i.LCD_N)
    LCD_RD_DATA                              0x080052a5   Thumb Code     6  lcd.o(i.LCD_RD_DATA)
    LCD_ReadPoint                            0x080052b1   Thumb Code    76  bmp.o(i.LCD_ReadPoint)
    LCD_Reset                                0x080052fd   Thumb Code    42  lcd.o(i.LCD_Reset)
    LCD_SetCursor                            0x0800532d   Thumb Code    52  lcd.o(i.LCD_SetCursor)
    LCD_ShowNum                              0x08005365   Thumb Code   246  lcd.o(i.LCD_ShowNum)
    LCD_ShowString                           0x0800545b   Thumb Code    48  lcd.o(i.LCD_ShowString)
    LCD_Showchar                             0x0800548d   Thumb Code   128  lcd.o(i.LCD_Showchar)
    LCD_Snapshot                             0x08005515   Thumb Code    96  tft_core.o(i.LCD_Snapshot)
    LCD_drawFastHLine                        0x08005579   Thumb Code    44  tft_core.o(i.LCD_drawFastHLine)
    LCD_drawFastVLine                        0x080055a5   Thumb Code    44  tft_core.o(i.LCD_drawFastVLine)
    LCD_drawRect                             0x080055d1   Thumb Code   120  tft_core.o(i.LCD_drawRect)
    LCD_fillRect                             0x08005649   Thumb Code    44  tft_core.o(i.LCD_fillRect)
    LCD_init                                 0x08005675   Thumb Code   504  lcd.o(i.LCD_init)
    LCD_putPixel                             0x08005871   Thumb Code    34  tft_core.o(i.LCD_putPixel)
    LCD_setAddressWindow                     0x08005899   Thumb Code    54  tft_core.o(i.LCD_setAddressWindow)
    LCD_setwindow                            0x080058d5   Thumb Code    68  lcd.o(i.LCD_setwindow)
    MLX90640_BadPixelsCorrection             0x0800591d   Thumb Code   944  mlx90640_api.o(i.MLX90640_BadPixelsCorrection)
    MLX90640_DumpEE                          0x08005ccd   Thumb Code    24  mlx90640_api.o(i.MLX90640_DumpEE)
    MLX90640_ExtractParameters               0x08005ce5   Thumb Code   136  mlx90640_api.o(i.MLX90640_ExtractParameters)
    MLX90640_GetCurMode                      0x08005d6d   Thumb Code    38  mlx90640_api.o(i.MLX90640_GetCurMode)
    MLX90640_GetFrameData                    0x08005d93   Thumb Code   196  mlx90640_api.o(i.MLX90640_GetFrameData)
    MLX90640_GetTa                           0x08005e59   Thumb Code   244  mlx90640_api.o(i.MLX90640_GetTa)
    MLX90640_GetVdd                          0x08005f69   Thumb Code   208  mlx90640_api.o(i.MLX90640_GetVdd)
    MLX90640_I2CRead                         0x0800604d   Thumb Code   246  mlx90640_swi2c_driver.o(i.MLX90640_I2CRead)
    MLX90640_I2CWrite                        0x08006149   Thumb Code   154  mlx90640_swi2c_driver.o(i.MLX90640_I2CWrite)
    MLX90640_SetChessMode                    0x080061ed   Thumb Code    48  mlx90640_api.o(i.MLX90640_SetChessMode)
    MLX90640_SetRefreshRate                  0x0800621d   Thumb Code    58  mlx90640_api.o(i.MLX90640_SetRefreshRate)
    MSC_BOT_CplClrFeature                    0x0800636d   Thumb Code    56  usbd_msc_bot.o(i.MSC_BOT_CplClrFeature)
    MSC_BOT_DataIn                           0x080063a9   Thumb Code    70  usbd_msc_bot.o(i.MSC_BOT_DataIn)
    MSC_BOT_DataOut                          0x080063f9   Thumb Code    60  usbd_msc_bot.o(i.MSC_BOT_DataOut)
    MSC_BOT_DeInit                           0x0800643d   Thumb Code     8  usbd_msc_bot.o(i.MSC_BOT_DeInit)
    MSC_BOT_Init                             0x08006449   Thumb Code    54  usbd_msc_bot.o(i.MSC_BOT_Init)
    MSC_BOT_Reset                            0x08006491   Thumb Code    30  usbd_msc_bot.o(i.MSC_BOT_Reset)
    MSC_BOT_SendCSW                          0x080064bd   Thumb Code    48  usbd_msc_bot.o(i.MSC_BOT_SendCSW)
    MX_GPIO_Init                             0x08006545   Thumb Code   146  key.o(i.MX_GPIO_Init)
    MYDMA_Config                             0x080065e9   Thumb Code   128  dma.o(i.MYDMA_Config)
    MYDMA_Enable                             0x0800666d   Thumb Code    44  dma.o(i.MYDMA_Enable)
    MemManage_Handler                        0x08006699   Thumb Code     4  stm32f4xx_it.o(i.MemManage_Handler)
    NMI_Handler                              0x0800669d   Thumb Code     2  stm32f4xx_it.o(i.NMI_Handler)
    NVIC_Init                                0x080066a1   Thumb Code   106  misc.o(i.NVIC_Init)
    NVIC_PriorityGroupConfig                 0x08006719   Thumb Code    10  misc.o(i.NVIC_PriorityGroupConfig)
    OTG_FS_IRQHandler                        0x0800672d   Thumb Code    10  usbd_usr.o(i.OTG_FS_IRQHandler)
    PendSV_Handler                           0x0800673d   Thumb Code     2  stm32f4xx_it.o(i.PendSV_Handler)
    RCC_AHB1PeriphClockCmd                   0x08006741   Thumb Code    26  stm32f4xx_rcc.o(i.RCC_AHB1PeriphClockCmd)
    RCC_AHB2PeriphClockCmd                   0x08006761   Thumb Code    26  stm32f4xx_rcc.o(i.RCC_AHB2PeriphClockCmd)
    RCC_AHB3PeriphClockCmd                   0x08006781   Thumb Code    26  stm32f4xx_rcc.o(i.RCC_AHB3PeriphClockCmd)
    RCC_APB1PeriphClockCmd                   0x080067a1   Thumb Code    26  stm32f4xx_rcc.o(i.RCC_APB1PeriphClockCmd)
    RCC_APB1PeriphResetCmd                   0x080067c1   Thumb Code    26  stm32f4xx_rcc.o(i.RCC_APB1PeriphResetCmd)
    RCC_APB2PeriphClockCmd                   0x080067e1   Thumb Code    26  stm32f4xx_rcc.o(i.RCC_APB2PeriphClockCmd)
    RCC_APB2PeriphResetCmd                   0x08006801   Thumb Code    26  stm32f4xx_rcc.o(i.RCC_APB2PeriphResetCmd)
    RCC_GetClocksFreq                        0x08006821   Thumb Code   214  stm32f4xx_rcc.o(i.RCC_GetClocksFreq)
    RCC_PeriphInit                           0x08006909   Thumb Code    12  main.o(i.RCC_PeriphInit)
    SCSI_ProcessCmd                          0x080069f9   Thumb Code   210  usbd_msc_scsi.o(i.SCSI_ProcessCmd)
    SCSI_SenseCode                           0x08006f1d   Thumb Code    50  usbd_msc_scsi.o(i.SCSI_SenseCode)
    SPI_CalculateCRC                         0x08007175   Thumb Code    24  stm32f4xx_spi.o(i.SPI_CalculateCRC)
    SPI_Cmd                                  0x0800718d   Thumb Code    24  stm32f4xx_spi.o(i.SPI_Cmd)
    SPI_I2S_DeInit                           0x080071a5   Thumb Code    76  stm32f4xx_spi.o(i.SPI_I2S_DeInit)
    SPI_I2S_GetFlagStatus                    0x080071fd   Thumb Code    18  stm32f4xx_spi.o(i.SPI_I2S_GetFlagStatus)
    SPI_Init                                 0x0800720f   Thumb Code    60  stm32f4xx_spi.o(i.SPI_Init)
    STORAGE_GetCapacity                      0x0800724b   Thumb Code    40  usbd_storage_msd.o(i.STORAGE_GetCapacity)
    STORAGE_GetMaxLun                        0x08007273   Thumb Code     4  usbd_storage_msd.o(i.STORAGE_GetMaxLun)
    STORAGE_Init                             0x08007277   Thumb Code    16  usbd_storage_msd.o(i.STORAGE_Init)
    STORAGE_IsReady                          0x08007289   Thumb Code    18  usbd_storage_msd.o(i.STORAGE_IsReady)
    STORAGE_IsWriteProtected                 0x080072a1   Thumb Code     6  usbd_storage_msd.o(i.STORAGE_IsWriteProtected)
    STORAGE_Read                             0x080072a9   Thumb Code    94  usbd_storage_msd.o(i.STORAGE_Read)
    STORAGE_Write                            0x0800730d   Thumb Code    88  usbd_storage_msd.o(i.STORAGE_Write)
    SVC_Handler                              0x08007369   Thumb Code     2  stm32f4xx_it.o(i.SVC_Handler)
    SetAutoRuleUpDown                        0x0800736d   Thumb Code   172  key.o(i.SetAutoRuleUpDown)
    SetDispBuf                               0x0800743d   Thumb Code   522  imagehandle.o(i.SetDispBuf)
    SetDownTemp                              0x08007675   Thumb Code   188  key.o(i.SetDownTemp)
    SetEmissivityDown                        0x0800773d   Thumb Code    42  key.o(i.SetEmissivityDown)
    SetEmissivityUp                          0x0800776d   Thumb Code    42  key.o(i.SetEmissivityUp)
    SetSmoothingCoefficient                  0x0800779d   Thumb Code   322  imagehandle.o(i.SetSmoothingCoefficient)
    SetTemp                                  0x080079dd   Thumb Code   480  key.o(i.SetTemp)
    SetUpTemp                                0x08007bf1   Thumb Code   176  key.o(i.SetUpTemp)
    SysTick_Handler                          0x08007cad   Thumb Code     8  stm32f4xx_it.o(i.SysTick_Handler)
    SysTick_Increment                        0x08007cb5   Thumb Code    30  os_global.o(i.SysTick_Increment)
    SysTick_Init                             0x08007ce1   Thumb Code    90  os_global.o(i.SysTick_Init)
    SystemInit                               0x08007d49   Thumb Code    88  system_stm32f4xx.o(i.SystemInit)
    TFT_FSMCConf                             0x08007db1   Thumb Code    94  lcd.o(i.TFT_FSMCConf)
    Tmp2Color                                0x08007e11   Thumb Code   118  imagehandle.o(i.Tmp2Color)
    USART_ClearFlag                          0x08007e95   Thumb Code    18  stm32f4xx_usart.o(i.USART_ClearFlag)
    USART_Cmd                                0x08007ea7   Thumb Code    24  stm32f4xx_usart.o(i.USART_Cmd)
    USART_DMACmd                             0x08007ebf   Thumb Code    18  stm32f4xx_usart.o(i.USART_DMACmd)
    USART_Init                               0x08007ed1   Thumb Code   204  stm32f4xx_usart.o(i.USART_Init)
    USBD_ClrCfg                              0x08007fa5   Thumb Code    22  usbd_core.o(i.USBD_ClrCfg)
    USBD_CtlContinueRx                       0x08008003   Thumb Code    30  usbd_ioreq.o(i.USBD_CtlContinueRx)
    USBD_CtlContinueSendData                 0x08008021   Thumb Code    30  usbd_ioreq.o(i.USBD_CtlContinueSendData)
    USBD_CtlError                            0x0800803f   Thumb Code    30  usbd_req.o(i.USBD_CtlError)
    USBD_CtlReceiveStatus                    0x0800805d   Thumb Code    36  usbd_ioreq.o(i.USBD_CtlReceiveStatus)
    USBD_CtlSendData                         0x08008081   Thumb Code    46  usbd_ioreq.o(i.USBD_CtlSendData)
    USBD_CtlSendStatus                       0x080080af   Thumb Code    36  usbd_ioreq.o(i.USBD_CtlSendStatus)
    USBD_DeInit                              0x08008251   Thumb Code     6  usbd_core.o(i.USBD_DeInit)
    USBD_GetRxCount                          0x080083d3   Thumb Code    20  usbd_ioreq.o(i.USBD_GetRxCount)
    USBD_GetString                           0x08008439   Thumb Code    82  usbd_req.o(i.USBD_GetString)
    USBD_Init                                0x0800848b   Thumb Code    66  usbd_core.o(i.USBD_Init)
    USBD_MSC_DataIn                          0x080084f1   Thumb Code    18  usbd_msc_core.o(i.USBD_MSC_DataIn)
    USBD_MSC_DataOut                         0x08008503   Thumb Code    18  usbd_msc_core.o(i.USBD_MSC_DataOut)
    USBD_MSC_DeInit                          0x08008515   Thumb Code    32  usbd_msc_core.o(i.USBD_MSC_DeInit)
    USBD_MSC_GetCfgDesc                      0x08008535   Thumb Code    10  usbd_msc_core.o(i.USBD_MSC_GetCfgDesc)
    USBD_MSC_Init                            0x08008545   Thumb Code    48  usbd_msc_core.o(i.USBD_MSC_Init)
    USBD_MSC_Setup                           0x08008575   Thumb Code   276  usbd_msc_core.o(i.USBD_MSC_Setup)
    USBD_OTG_ISR_Handler                     0x08008695   Thumb Code   224  usb_dcd_int.o(i.USBD_OTG_ISR_Handler)
    USBD_ParseSetupRequest                   0x08008775   Thumb Code    72  usbd_req.o(i.USBD_ParseSetupRequest)
    USBD_SetCfg                              0x08008897   Thumb Code    30  usbd_core.o(i.USBD_SetCfg)
    USBD_StdDevReq                           0x08008a89   Thumb Code   114  usbd_req.o(i.USBD_StdDevReq)
    USBD_StdEPReq                            0x08008afd   Thumb Code   370  usbd_req.o(i.USBD_StdEPReq)
    USBD_StdItfReq                           0x08008c75   Thumb Code    76  usbd_req.o(i.USBD_StdItfReq)
    USBD_USR_ConfigStrDescriptor             0x08008ce1   Thumb Code    34  usbd_desc.o(i.USBD_USR_ConfigStrDescriptor)
    USBD_USR_DeviceConfigured                0x08008d15   Thumb Code     2  usbd_usr.o(i.USBD_USR_DeviceConfigured)
    USBD_USR_DeviceConnected                 0x08008d19   Thumb Code     8  usbd_usr.o(i.USBD_USR_DeviceConnected)
    USBD_USR_DeviceDescriptor                0x08008d25   Thumb Code    10  usbd_desc.o(i.USBD_USR_DeviceDescriptor)
    USBD_USR_DeviceDisconnected              0x08008d35   Thumb Code     8  usbd_usr.o(i.USBD_USR_DeviceDisconnected)
    USBD_USR_DeviceReset                     0x08008d41   Thumb Code    18  usbd_usr.o(i.USBD_USR_DeviceReset)
    USBD_USR_DeviceResumed                   0x08008d53   Thumb Code     2  usbd_usr.o(i.USBD_USR_DeviceResumed)
    USBD_USR_DeviceSuspended                 0x08008d55   Thumb Code     2  usbd_usr.o(i.USBD_USR_DeviceSuspended)
    USBD_USR_Init                            0x08008d57   Thumb Code     2  usbd_usr.o(i.USBD_USR_Init)
    USBD_USR_InterfaceStrDescriptor          0x08008d59   Thumb Code    34  usbd_desc.o(i.USBD_USR_InterfaceStrDescriptor)
    USBD_USR_LangIDStrDescriptor             0x08008d91   Thumb Code    10  usbd_desc.o(i.USBD_USR_LangIDStrDescriptor)
    USBD_USR_ManufacturerStrDescriptor       0x08008da1   Thumb Code    20  usbd_desc.o(i.USBD_USR_ManufacturerStrDescriptor)
    USBD_USR_ProductStrDescriptor            0x08008dcd   Thumb Code    34  usbd_desc.o(i.USBD_USR_ProductStrDescriptor)
    USBD_USR_SerialStrDescriptor             0x08008e25   Thumb Code    18  usbd_desc.o(i.USBD_USR_SerialStrDescriptor)
    USB_Init                                 0x08008e3d   Thumb Code    20  usb_app.o(i.USB_Init)
    USB_OTG_BSP_EnableInterrupt              0x08008e61   Thumb Code    44  usb_bsp.o(i.USB_OTG_BSP_EnableInterrupt)
    USB_OTG_BSP_Init                         0x08008e8d   Thumb Code   140  usb_bsp.o(i.USB_OTG_BSP_Init)
    USB_OTG_BSP_mDelay                       0x08008f21   Thumb Code    12  usb_bsp.o(i.USB_OTG_BSP_mDelay)
    USB_OTG_BSP_uDelay                       0x08008f2d   Thumb Code    20  usb_bsp.o(i.USB_OTG_BSP_uDelay)
    USB_OTG_CoreInit                         0x08008f41   Thumb Code   294  usb_core.o(i.USB_OTG_CoreInit)
    USB_OTG_CoreInitDev                      0x08009067   Thumb Code   522  usb_core.o(i.USB_OTG_CoreInitDev)
    USB_OTG_DisableGlobalInt                 0x080092e1   Thumb Code    34  usb_core.o(i.USB_OTG_DisableGlobalInt)
    USB_OTG_EP0Activate                      0x08009303   Thumb Code   116  usb_core.o(i.USB_OTG_EP0Activate)
    USB_OTG_EP0StartXfer                     0x08009377   Thumb Code   342  usb_core.o(i.USB_OTG_EP0StartXfer)
    USB_OTG_EP0_OutStart                     0x080094cd   Thumb Code    98  usb_core.o(i.USB_OTG_EP0_OutStart)
    USB_OTG_EPActivate                       0x0800952f   Thumb Code   152  usb_core.o(i.USB_OTG_EPActivate)
    USB_OTG_EPClearStall                     0x080095c7   Thumb Code    80  usb_core.o(i.USB_OTG_EPClearStall)
    USB_OTG_EPDeactivate                     0x08009617   Thumb Code   154  usb_core.o(i.USB_OTG_EPDeactivate)
    USB_OTG_EPSetStall                       0x080096b1   Thumb Code   100  usb_core.o(i.USB_OTG_EPSetStall)
    USB_OTG_EPStartXfer                      0x08009715   Thumb Code   510  usb_core.o(i.USB_OTG_EPStartXfer)
    USB_OTG_EnableDevInt                     0x08009947   Thumb Code   154  usb_core.o(i.USB_OTG_EnableDevInt)
    USB_OTG_EnableGlobalInt                  0x080099e1   Thumb Code    34  usb_core.o(i.USB_OTG_EnableGlobalInt)
    USB_OTG_FlushRxFifo                      0x08009a05   Thumb Code    70  usb_core.o(i.USB_OTG_FlushRxFifo)
    USB_OTG_FlushTxFifo                      0x08009a51   Thumb Code    80  usb_core.o(i.USB_OTG_FlushTxFifo)
    USB_OTG_GetDeviceSpeed                   0x08009aa5   Thumb Code    56  usb_core.o(i.USB_OTG_GetDeviceSpeed)
    USB_OTG_GetMode                          0x08009add   Thumb Code    12  usb_core.o(i.USB_OTG_GetMode)
    USB_OTG_InitDevSpeed                     0x08009ae9   Thumb Code    24  usb_core.o(i.USB_OTG_InitDevSpeed)
    USB_OTG_IsDeviceMode                     0x08009b01   Thumb Code    22  usb_core.o(i.USB_OTG_IsDeviceMode)
    USB_OTG_ReadCoreItr                      0x08009b17   Thumb Code    16  usb_core.o(i.USB_OTG_ReadCoreItr)
    USB_OTG_ReadDevAllInEPItr                0x08009b27   Thumb Code    16  usb_core.o(i.USB_OTG_ReadDevAllInEPItr)
    USB_OTG_ReadDevAllOutEp_itr              0x08009b37   Thumb Code    16  usb_core.o(i.USB_OTG_ReadDevAllOutEp_itr)
    USB_OTG_ReadDevOutEP_itr                 0x08009b47   Thumb Code    20  usb_core.o(i.USB_OTG_ReadDevOutEP_itr)
    USB_OTG_ReadPacket                       0x08009b5b   Thumb Code    40  usb_core.o(i.USB_OTG_ReadPacket)
    USB_OTG_SelectCore                       0x08009b85   Thumb Code   204  usb_core.o(i.USB_OTG_SelectCore)
    USB_OTG_SetCurrentMode                   0x08009c55   Thumb Code    78  usb_core.o(i.USB_OTG_SetCurrentMode)
    USB_OTG_WritePacket                      0x08009ca3   Thumb Code    62  usb_core.o(i.USB_OTG_WritePacket)
    UsageFault_Handler                       0x08009ce1   Thumb Code     4  stm32f4xx_it.o(i.UsageFault_Handler)
    Wait                                     0x08009ce5   Thumb Code    14  mlx90640_swi2c_driver.o(i.Wait)
    __0snprintf$3                            0x08009cf5   Thumb Code    44  printf3.o(i.__0snprintf$3)
    __1snprintf$3                            0x08009cf5   Thumb Code     0  printf3.o(i.__0snprintf$3)
    __2snprintf                              0x08009cf5   Thumb Code     0  printf3.o(i.__0snprintf$3)
    __ARM_fpclassify                         0x08009d25   Thumb Code    48  fpclassify.o(i.__ARM_fpclassify)
    __hardfp_fabs                            0x08009d55   Thumb Code    20  fabs.o(i.__hardfp_fabs)
    __hardfp_pow                             0x08009d69   Thumb Code  3072  pow.o(i.__hardfp_pow)
    __hardfp_sqrt                            0x0800a9b9   Thumb Code   122  sqrt.o(i.__hardfp_sqrt)
    __kernel_poly                            0x0800aa33   Thumb Code   248  poly.o(i.__kernel_poly)
    __mathlib_dbl_divzero                    0x0800ab31   Thumb Code    28  dunder.o(i.__mathlib_dbl_divzero)
    __mathlib_dbl_infnan2                    0x0800ab61   Thumb Code    20  dunder.o(i.__mathlib_dbl_infnan2)
    __mathlib_dbl_invalid                    0x0800ab79   Thumb Code    24  dunder.o(i.__mathlib_dbl_invalid)
    __mathlib_dbl_overflow                   0x0800ab99   Thumb Code    24  dunder.o(i.__mathlib_dbl_overflow)
    __mathlib_dbl_underflow                  0x0800abb9   Thumb Code    24  dunder.o(i.__mathlib_dbl_underflow)
    __scatterload_copy                       0x0800abd9   Thumb Code    14  handlers.o(i.__scatterload_copy)
    __scatterload_null                       0x0800abe7   Thumb Code     2  handlers.o(i.__scatterload_null)
    __scatterload_zeroinit                   0x0800abe9   Thumb Code    14  handlers.o(i.__scatterload_zeroinit)
    __set_errno                              0x0800abf9   Thumb Code     6  errno.o(i.__set_errno)
    bmp_encode                               0x0800aef5   Thumb Code   324  bmp.o(i.bmp_encode)
    clust2sect                               0x0800b1fd   Thumb Code    32  ff.o(i.clust2sect)
    delay_ms                                 0x0800b615   Thumb Code    26  delay.o(i.delay_ms)
    delay_us                                 0x0800b631   Thumb Code   120  delay.o(i.delay_us)
    disk_initialize                          0x0800bb8b   Thumb Code    32  diskio.o(i.disk_initialize)
    disk_ioctl                               0x0800bbab   Thumb Code    40  diskio.o(i.disk_ioctl)
    disk_read                                0x0800bbd3   Thumb Code    46  diskio.o(i.disk_read)
    disk_status                              0x0800bc01   Thumb Code     6  diskio.o(i.disk_status)
    disk_write                               0x0800bc07   Thumb Code    46  diskio.o(i.disk_write)
    exf_getfree                              0x0800bc5d   Thumb Code    82  fatfs_demo.o(i.exf_getfree)
    f_close                                  0x0800bcaf   Thumb Code    46  ff.o(i.f_close)
    f_closedir                               0x0800bcdd   Thumb Code    42  ff.o(i.f_closedir)
    f_getfree                                0x0800bd07   Thumb Code   274  ff.o(i.f_getfree)
    f_mkdir                                  0x0800be19   Thumb Code   362  ff.o(i.f_mkdir)
    f_mkfs                                   0x0800bf89   Thumb Code  1580  ff.o(i.f_mkfs)
    f_mount                                  0x0800c5cd   Thumb Code    96  ff.o(i.f_mount)
    f_open                                   0x0800c631   Thumb Code   450  ff.o(i.f_open)
    f_opendir                                0x0800c7f9   Thumb Code   172  ff.o(i.f_opendir)
    f_sync                                   0x0800c8a9   Thumb Code   202  ff.o(i.f_sync)
    f_write                                  0x0800c973   Thumb Code   598  ff.o(i.f_write)
    fabs                                     0x0800cbc9   Thumb Code    24  fabs.o(i.fabs)
    ff_convert                               0x0800cbe1   Thumb Code    70  ccsbcs.o(i.ff_convert)
    ff_wtoupper                              0x0800cc2d   Thumb Code    46  ccsbcs.o(i.ff_wtoupper)
    flash_disk_read                          0x0800d0c1   Thumb Code    62  spi_flash_interface.o(i.flash_disk_read)
    flash_disk_write                         0x0800d0ff   Thumb Code    42  spi_flash_interface.o(i.flash_disk_write)
    flash_get_total_capacity                 0x0800d129   Thumb Code     6  spi_flash_interface.o(i.flash_get_total_capacity)
    flash_initialize                         0x0800d135   Thumb Code    16  spi_flash_interface.o(i.flash_initialize)
    flash_ioctl                              0x0800d145   Thumb Code    70  spi_flash_interface.o(i.flash_ioctl)
    flash_mal_read                           0x0800d18b   Thumb Code    36  spi_flash_interface.o(i.flash_mal_read)
    flash_mal_write                          0x0800d1b1   Thumb Code   156  spi_flash_interface.o(i.flash_mal_write)
    flash_set_total_capacity                 0x0800d251   Thumb Code     6  spi_flash_interface.o(i.flash_set_total_capacity)
    get_fat                                  0x0800d3ad   Thumb Code   238  ff.o(i.get_fat)
    get_fattime                              0x0800d49b   Thumb Code     4  diskio.o(i.get_fattime)
    main                                     0x0800d8a9   Thumb Code   754  main.o(i.main)
    put_fat                                  0x0800dda9   Thumb Code   326  ff.o(i.put_fat)
    sfud_chip_erase                          0x0800e3e1   Thumb Code   144  sfud.o(i.sfud_chip_erase)
    sfud_device_init                         0x0800e471   Thumb Code    44  sfud.o(i.sfud_device_init)
    sfud_erase                               0x0800e49d   Thumb Code   296  sfud.o(i.sfud_erase)
    sfud_get_device_table                    0x0800e5c5   Thumb Code     4  sfud.o(i.sfud_get_device_table)
    sfud_init                                0x0800e5cd   Thumb Code    52  sfud.o(i.sfud_init)
    sfud_read                                0x0800e605   Thumb Code   122  sfud.o(i.sfud_read)
    sfud_read_sfdp                           0x0800e67f   Thumb Code    36  sfud_sfdp.o(i.sfud_read_sfdp)
    sfud_read_status                         0x0800e6a3   Thumb Code    30  sfud.o(i.sfud_read_status)
    sfud_sfdp_get_suitable_eraser            0x0800e6c1   Thumb Code    86  sfud_sfdp.o(i.sfud_sfdp_get_suitable_eraser)
    sfud_spi_port_init                       0x0800e719   Thumb Code    62  sfud_port.o(i.sfud_spi_port_init)
    sfud_write                               0x0800e771   Thumb Code    76  sfud.o(i.sfud_write)
    sfud_write_status                        0x0800e7bd   Thumb Code   100  sfud.o(i.sfud_write_status)
    sqrt                                     0x0800e953   Thumb Code   110  sqrt.o(i.sqrt)
    uart_init                                0x0800eb45   Thumb Code   114  usart.o(i.uart_init)
    ImageFilter                              0x0800ec3c   Data           9  imagehandle.o(.constdata)
    camColors                                0x0800ec46   Data         516  imagehandle.o(.constdata)
    font16x8                                 0x0800ee56   Data        1520  lcd.o(.constdata)
    Num1626                                  0x0800f446   Data         728  lcd.o(.constdata)
    FlashDiskPath                            0x0800fe1a   Data           3  fatfs_demo.o(.constdata)
    UpdateDir                                0x0800fe1d   Data          16  fatfs_demo.o(.constdata)
    MSC_Page00_Inquiry_Data                  0x0800fe2d   Data           7  usbd_msc_data.o(.constdata)
    MSC_Mode_Sense6_data                     0x0800fe34   Data           8  usbd_msc_data.o(.constdata)
    MSC_Mode_Sense10_data                    0x0800fe3c   Data           8  usbd_msc_data.o(.constdata)
    STORAGE_Inquirydata                      0x0800fe44   Data          70  usbd_storage_msd.o(.constdata)
    __mathlib_zero                           0x0800ff18   Data           8  qnan.o(.constdata)
    Region$$Table$$Base                      0x08010020   Number         0  anon$$obj.o(Region$$Table)
    Region$$Table$$Limit                     0x08010040   Number         0  anon$$obj.o(Region$$Table)
    ccm_buf                                  0x10000000   Data       65280  ccm.o(.ARM.__AT_0x10000000)
    SystemCoreClock                          0x20000010   Data           4  system_stm32f4xx.o(.data)
    AHBPrescTable                            0x20000014   Data          16  system_stm32f4xx.o(.data)
    PCLK1_CLK                                0x20000024   Data           4  delay.o(.data)
    TmpH                                     0x20000030   Data           2  imagehandle.o(.data)
    TmpL                                     0x20000032   Data           2  imagehandle.o(.data)
    StorageTmpH                              0x20000034   Data           2  imagehandle.o(.data)
    StorageTmpL                              0x20000036   Data           2  imagehandle.o(.data)
    MaxPoniter                               0x20000038   Data           2  imagehandle.o(.data)
    MinPoniter                               0x2000003a   Data           2  imagehandle.o(.data)
    MaxTemp                                  0x2000003c   Data           4  imagehandle.o(.data)
    MinTemp                                  0x20000040   Data           4  imagehandle.o(.data)
    POINT_COLOR                              0x20000044   Data           2  imagehandle.o(.data)
    KeyCont                                  0x20000046   Data           2  key.o(.data)
    KeyTrag                                  0x20000048   Data           2  key.o(.data)
    KeySecond                                0x2000004a   Data           2  key.o(.data)
    SetTempState                             0x2000004c   Data           1  key.o(.data)
    emissivity                               0x2000004d   Data           1  key.o(.data)
    RuleAuto                                 0x2000004e   Data           1  key.o(.data)
    UsartModule                              0x2000004f   Data           1  usart.o(.data)
    spi_flash_capacity                       0x20000050   Data           4  spi_flash_interface.o(.data)
    flag10ms                                 0x200000e8   Data           1  os_global.o(.data)
    flag_switch                              0x200000e9   Data           1  os_global.o(.data)
    SET_TEST_MODE                            0x200000f0   Data           4  usbd_core.o(.data)
    USBD_DCD_INT_cb                          0x200000f4   Data          44  usbd_core.o(.data)
    USBD_DCD_INT_fops                        0x20000120   Data           4  usbd_core.o(.data)
    USBD_ep_status                           0x20000124   Data           4  usbd_req.o(.data)
    USBD_default_cfg                         0x20000128   Data           4  usbd_req.o(.data)
    USBD_cfg_status                          0x2000012c   Data           4  usbd_req.o(.data)
    MSC_BOT_DataLen                          0x20000132   Data           2  usbd_msc_bot.o(.data)
    MSC_BOT_State                            0x20000134   Data           1  usbd_msc_bot.o(.data)
    MSC_BOT_Status                           0x20000135   Data           1  usbd_msc_bot.o(.data)
    USBD_MSC_cb                              0x20000138   Data          44  usbd_msc_core.o(.data)
    USBD_MSC_CfgDesc                         0x20000164   Data          32  usbd_msc_core.o(.data)
    SCSI_Sense_Head                          0x20000188   Data           1  usbd_msc_scsi.o(.data)
    SCSI_Sense_Tail                          0x20000189   Data           1  usbd_msc_scsi.o(.data)
    SCSI_blk_size                            0x2000018c   Data           4  usbd_msc_scsi.o(.data)
    SCSI_blk_nbr                             0x20000190   Data           4  usbd_msc_scsi.o(.data)
    SCSI_blk_addr                            0x20000198   Data           8  usbd_msc_scsi.o(.data)
    SCSI_blk_len                             0x200001a0   Data           4  usbd_msc_scsi.o(.data)
    cdev                                     0x200001a4   Data           4  usbd_msc_scsi.o(.data)
    USR_desc                                 0x200001a8   Data          28  usbd_desc.o(.data)
    USBD_DeviceDesc                          0x200001c4   Data          18  usbd_desc.o(.data)
    USBD_DeviceQualifierDesc                 0x200001d6   Data          10  usbd_desc.o(.data)
    USBD_LangIDDesc                          0x200001e0   Data           4  usbd_desc.o(.data)
    USBD_StringSerial                        0x200001e4   Data          26  usbd_desc.o(.data)
    USB_STATUS_REG                           0x20000200   Data           1  usbd_storage_msd.o(.data)
    USBD_MICRO_SDIO_fops                     0x20000204   Data          32  usbd_storage_msd.o(.data)
    USBD_STORAGE_fops                        0x20000224   Data           4  usbd_storage_msd.o(.data)
    bDeviceState                             0x20000228   Data           1  usbd_usr.o(.data)
    USR_cb                                   0x2000022c   Data          28  usbd_usr.o(.data)
    UsartBuff                                0x2000024c   Data        1544  main.o(.bss)
    SC1                                      0x20001ad4   Data          64  imagehandle.o(.bss)
    SC2                                      0x20001b14   Data          64  imagehandle.o(.bss)
    SC3                                      0x20001b54   Data          64  imagehandle.o(.bss)
    SC4                                      0x20001b94   Data          64  imagehandle.o(.bss)
    KeyValue                                 0x20001bd4   Data          30  key.o(.bss)
    spi_flash_buf                            0x20001bf2   Data        4096  spi_flash_interface.o(.bss)
    FlashDiskFatFs                           0x20002d84   Data         560  fatfs_demo.o(.bss)
    FlashFilePath                            0x20002fb4   Data          64  fatfs_demo.o(.bss)
    flashFIL                                 0x20002ff4   Data         556  fatfs_demo.o(.bss)
    Lfname                                   0x20003220   Data          51  fatfs_demo.o(.bss)
    diskInfo                                 0x20003254   Data          24  fatfs_demo.o(.bss)
    MSC_BOT_Data                             0x2000326c   Data       12288  usbd_msc_bot.o(.bss)
    MSC_BOT_cbw                              0x2000626c   Data          32  usbd_msc_bot.o(.bss)
    MSC_BOT_csw                              0x2000628c   Data          16  usbd_msc_bot.o(.bss)
    SCSI_Sense                               0x2000629c   Data          32  usbd_msc_scsi.o(.bss)
    USBD_StrDesc                             0x200062bc   Data          64  usbd_desc.o(.bss)
    USB_OTG_dev                              0x200062fc   Data        1524  usb_app.o(.bss)
    __initial_sp                             0x2000b8f0   Data           0  startup_stm32f4xx.o(STACK)



==============================================================================

Memory Map of the image

  Image Entry point : 0x0800019d

  Load Region LR_1 (Base: 0x08000000, Size: 0x0001028c, Max: 0xffffffff, ABSOLUTE, COMPRESSED[0x00010144])

    Execution Region ER_RO (Base: 0x08000000, Size: 0x00010040, Max: 0xffffffff, ABSOLUTE)

    Base Addr    Size         Type   Attr      Idx    E Section Name        Object

    0x08000000   0x00000188   Data   RO            3    RESET               startup_stm32f4xx.o
    0x08000188   0x00000000   Code   RO         5611  * .ARM.Collect$$$$00000000  mc_w.l(entry.o)
    0x08000188   0x00000004   Code   RO         5926    .ARM.Collect$$$$00000001  mc_w.l(entry2.o)
    0x0800018c   0x00000004   Code   RO         5929    .ARM.Collect$$$$00000004  mc_w.l(entry5.o)
    0x08000190   0x00000000   Code   RO         5931    .ARM.Collect$$$$00000008  mc_w.l(entry7b.o)
    0x08000190   0x00000000   Code   RO         5933    .ARM.Collect$$$$0000000A  mc_w.l(entry8b.o)
    0x08000190   0x00000008   Code   RO         5934    .ARM.Collect$$$$0000000B  mc_w.l(entry9a.o)
    0x08000198   0x00000000   Code   RO         5936    .ARM.Collect$$$$0000000D  mc_w.l(entry10a.o)
    0x08000198   0x00000000   Code   RO         5938    .ARM.Collect$$$$0000000F  mc_w.l(entry11a.o)
    0x08000198   0x00000004   Code   RO         5927    .ARM.Collect$$$$00002712  mc_w.l(entry2.o)
    0x0800019c   0x00000034   Code   RO            4  * .text               startup_stm32f4xx.o
    0x080001d0   0x00000062   Code   RO         5614    .text               mc_w.l(uldiv.o)
    0x08000232   0x00000024   Code   RO         5616    .text               mc_w.l(memcpya.o)
    0x08000256   0x00000024   Code   RO         5618    .text               mc_w.l(memseta.o)
    0x0800027a   0x0000014e   Code   RO         5891    .text               mf_w.l(dadd.o)
    0x080003c8   0x000000e4   Code   RO         5893    .text               mf_w.l(dmul.o)
    0x080004ac   0x000000de   Code   RO         5895    .text               mf_w.l(ddiv.o)
    0x0800058a   0x00000022   Code   RO         5897    .text               mf_w.l(dflti.o)
    0x080005ac   0x0000001a   Code   RO         5899    .text               mf_w.l(dfltui.o)
    0x080005c6   0x00000026   Code   RO         5901    .text               mf_w.l(f2d.o)
    0x080005ec   0x00000030   Code   RO         5903    .text               mf_w.l(cdrcmple.o)
    0x0800061c   0x00000038   Code   RO         5905    .text               mf_w.l(d2f.o)
    0x08000654   0x0000002c   Code   RO         5943    .text               mc_w.l(uidiv.o)
    0x08000680   0x0000001e   Code   RO         5945    .text               mc_w.l(llshl.o)
    0x0800069e   0x00000020   Code   RO         5947    .text               mc_w.l(llushr.o)
    0x080006be   0x00000024   Code   RO         5949    .text               mc_w.l(llsshr.o)
    0x080006e2   0x00000000   Code   RO         5988    .text               mc_w.l(iusefp.o)
    0x080006e2   0x0000006e   Code   RO         5989    .text               mf_w.l(fepilogue.o)
    0x08000750   0x000000ba   Code   RO         5991    .text               mf_w.l(depilogue.o)
    0x0800080a   0x0000002e   Code   RO         5995    .text               mf_w.l(dscalb.o)
    0x08000838   0x000000a2   Code   RO         5997    .text               mf_w.l(dsqrt.o)
    0x080008da   0x00000002   PAD
    0x080008dc   0x00000024   Code   RO         6003    .text               mc_w.l(init.o)
    0x08000900   0x00000056   Code   RO         6017    .text               mc_w.l(__dczerorl2.o)
    0x08000956   0x00000002   PAD
    0x08000958   0x000006fc   Code   RO         3020    RAMCODE             mlx90640_api.o
    0x08001054   0x00000054   Code   RO         2917    i.ADC1_GetVal       ad.o
    0x080010a8   0x0000007c   Code   RO         2918    i.ADC1_Init         ad.o
    0x08001124   0x00000016   Code   RO         1873    i.ADC_Cmd           stm32f4xx_adc.o
    0x0800113a   0x00000002   PAD
    0x0800113c   0x00000030   Code   RO         1874    i.ADC_CommonInit    stm32f4xx_adc.o
    0x0800116c   0x00000054   Code   RO         1893    i.ADC_Init          stm32f4xx_adc.o
    0x080011c0   0x000000b8   Code   RO         1898    i.ADC_RegularChannelConfig  stm32f4xx_adc.o
    0x08001278   0x00000074   Code   RO           11    i.ALL_Config        main.o
    0x080012ec   0x00000ae4   Code   RO         2589    i.AverageFilter     imagehandle.o
    0x08001dd0   0x00000004   Code   RO          227    i.BusFault_Handler  stm32f4xx_it.o
    0x08001dd4   0x0000003a   Code   RO         3021    i.CheckAdjacentPixels  mlx90640_api.o
    0x08001e0e   0x00000014   Code   RO         3022    i.CheckEEPROMValid  mlx90640_api.o
    0x08001e22   0x0000004a   Code   RO         4631    i.DCD_EP_Close      usb_dcd.o
    0x08001e6c   0x00000048   Code   RO         4632    i.DCD_EP_ClrStall   usb_dcd.o
    0x08001eb4   0x00000024   Code   RO         4633    i.DCD_EP_Flush      usb_dcd.o
    0x08001ed8   0x00000068   Code   RO         4634    i.DCD_EP_Open       usb_dcd.o
    0x08001f40   0x00000052   Code   RO         4635    i.DCD_EP_PrepareRx  usb_dcd.o
    0x08001f92   0x0000001c   Code   RO         4636    i.DCD_EP_SetAddress  usb_dcd.o
    0x08001fae   0x00000048   Code   RO         4637    i.DCD_EP_Stall      usb_dcd.o
    0x08001ff6   0x0000004e   Code   RO         4638    i.DCD_EP_Tx         usb_dcd.o
    0x08002044   0x00000198   Code   RO         4720    i.DCD_HandleEnumDone_ISR  usb_dcd_int.o
    0x080021dc   0x00000128   Code   RO         4721    i.DCD_HandleInEP_ISR  usb_dcd_int.o
    0x08002304   0x00000100   Code   RO         4722    i.DCD_HandleOutEP_ISR  usb_dcd_int.o
    0x08002404   0x0000006c   Code   RO         4723    i.DCD_HandleResume_ISR  usb_dcd_int.o
    0x08002470   0x000000b0   Code   RO         4724    i.DCD_HandleRxStatusQueueLevel_ISR  usb_dcd_int.o
    0x08002520   0x0000002c   Code   RO         4725    i.DCD_HandleSof_ISR  usb_dcd_int.o
    0x0800254c   0x000000a8   Code   RO         4726    i.DCD_HandleUSBSuspend_ISR  usb_dcd_int.o
    0x080025f4   0x00000104   Code   RO         4727    i.DCD_HandleUsbReset_ISR  usb_dcd_int.o
    0x080026f8   0x0000009c   Code   RO         4640    i.DCD_Init          usb_dcd.o
    0x08002794   0x0000002c   Code   RO         4728    i.DCD_IsoINIncomplete_ISR  usb_dcd_int.o
    0x080027c0   0x0000002c   Code   RO         4729    i.DCD_IsoOUTIncomplete_ISR  usb_dcd_int.o
    0x080027ec   0x00000028   Code   RO         4730    i.DCD_ReadDevInEP   usb_dcd_int.o
    0x08002814   0x000000ac   Code   RO         4731    i.DCD_WriteEmptyTxFifo  usb_dcd_int.o
    0x080028c0   0x00000016   Code   RO         2153    i.DMA_Cmd           stm32f4xx_dma.o
    0x080028d6   0x00000002   PAD
    0x080028d8   0x00000158   Code   RO         2154    i.DMA_DeInit        stm32f4xx_dma.o
    0x08002a30   0x00000014   Code   RO         2158    i.DMA_GetCmdStatus  stm32f4xx_dma.o
    0x08002a44   0x00000058   Code   RO         2165    i.DMA_Init          stm32f4xx_dma.o
    0x08002a9c   0x00000004   Code   RO         2168    i.DMA_SetCurrDataCounter  stm32f4xx_dma.o
    0x08002aa0   0x00000002   Code   RO          228    i.DebugMon_Handler  stm32f4xx_it.o
    0x08002aa2   0x00000018   Code   RO         3406    i.DiskHasEnoughFreeSpace  tft_core.o
    0x08002aba   0x00000002   PAD
    0x08002abc   0x000000c8   Code   RO         2590    i.DispBatPower      imagehandle.o
    0x08002b84   0x000000b8   Code   RO         2591    i.DispCross         imagehandle.o
    0x08002c3c   0x00000014   Code   RO         2592    i.DispFourGridPower  imagehandle.o
    0x08002c50   0x000000b4   Code   RO         2593    i.DispMaxMinTemp    imagehandle.o
    0x08002d04   0x00000024   Code   RO         2594    i.DispOneGridPower  imagehandle.o
    0x08002d28   0x00000082   Code   RO         2595    i.DispPowerShape    imagehandle.o
    0x08002daa   0x00000002   PAD
    0x08002dac   0x00000038   Code   RO         2596    i.DispReflectRate   imagehandle.o
    0x08002de4   0x000000f8   Code   RO         2597    i.DispRul           imagehandle.o
    0x08002edc   0x00000042   Code   RO         3407    i.DispSnapTip       tft_core.o
    0x08002f1e   0x00000024   Code   RO         2598    i.DispThreeGridPower  imagehandle.o
    0x08002f42   0x00000024   Code   RO         2599    i.DispTwoGridPower  imagehandle.o
    0x08002f66   0x000001e2   Code   RO         2600    i.Disp_BigFloatNum  imagehandle.o
    0x08003148   0x00000228   Code   RO         2601    i.Disp_SmallFloatNum  imagehandle.o
    0x08003370   0x0000009c   Code   RO         2602    i.Dispbackground    imagehandle.o
    0x0800340c   0x00000010   Code   RO         2939    i.EEP_ReadWord      eeprom.o
    0x0800341c   0x00000038   Code   RO         2940    i.EEP_Wirte         eeprom.o
    0x08003454   0x00000274   Code   RO         3023    i.ExtractAlphaParameters  mlx90640_api.o
    0x080036c8   0x00000114   Code   RO         3024    i.ExtractCILCParameters  mlx90640_api.o
    0x080037dc   0x00000278   Code   RO         3025    i.ExtractCPParameters  mlx90640_api.o
    0x08003a54   0x0000015e   Code   RO         3026    i.ExtractDeviatingPixels  mlx90640_api.o
    0x08003bb2   0x00000014   Code   RO         3027    i.ExtractGainParameters  mlx90640_api.o
    0x08003bc6   0x00000002   PAD
    0x08003bc8   0x0000004c   Code   RO         3028    i.ExtractKsTaParameters  mlx90640_api.o
    0x08003c14   0x00000110   Code   RO         3029    i.ExtractKsToParameters  mlx90640_api.o
    0x08003d24   0x00000208   Code   RO         3030    i.ExtractKtaPixelParameters  mlx90640_api.o
    0x08003f2c   0x00000164   Code   RO         3031    i.ExtractKvPixelParameters  mlx90640_api.o
    0x08004090   0x000001c0   Code   RO         3032    i.ExtractOffsetParameters  mlx90640_api.o
    0x08004250   0x00000100   Code   RO         3033    i.ExtractPTATParameters  mlx90640_api.o
    0x08004350   0x0000000e   Code   RO         3034    i.ExtractResolutionParameters  mlx90640_api.o
    0x0800435e   0x00000002   PAD
    0x08004360   0x00000048   Code   RO         3035    i.ExtractTgcParameters  mlx90640_api.o
    0x080043a8   0x00000034   Code   RO         3036    i.ExtractVDDParameters  mlx90640_api.o
    0x080043dc   0x00000078   Code   RO         4286    i.FILE_FormatDisk   fatfs_demo.o
    0x08004454   0x00000030   Code   RO         4287    i.FILE_GetDiskFree  fatfs_demo.o
    0x08004484   0x00000068   Code   RO         4288    i.FILE_Open         fatfs_demo.o
    0x080044ec   0x00000088   Code   RO          301    i.FLASH_EraseSector  stm32f4xx_flash.o
    0x08004574   0x00000048   Code   RO          303    i.FLASH_GetStatus   stm32f4xx_flash.o
    0x080045bc   0x00000014   Code   RO          307    i.FLASH_Lock        stm32f4xx_flash.o
    0x080045d0   0x00000050   Code   RO          322    i.FLASH_ProgramHalfWord  stm32f4xx_flash.o
    0x08004620   0x00000024   Code   RO          325    i.FLASH_Unlock      stm32f4xx_flash.o
    0x08004644   0x00000022   Code   RO          326    i.FLASH_WaitForLastOperation  stm32f4xx_flash.o
    0x08004666   0x00000002   PAD
    0x08004668   0x00000034   Code   RO          498    i.FSMC_NORSRAMCmd   stm32f4xx_fsmc.o
    0x0800469c   0x000000e6   Code   RO          500    i.FSMC_NORSRAMInit  stm32f4xx_fsmc.o
    0x08004782   0x00000002   PAD
    0x08004784   0x00000018   Code   RO         4290    i.FatFs_Demo        fatfs_demo.o
    0x0800479c   0x00000094   Code   RO         2603    i.FindMaxMinTemp    imagehandle.o
    0x08004830   0x00000090   Code   RO          928    i.GPIO_Init         stm32f4xx_gpio.o
    0x080048c0   0x00000046   Code   RO          929    i.GPIO_PinAFConfig  stm32f4xx_gpio.o
    0x08004906   0x00000004   Code   RO          936    i.GPIO_SetBits      stm32f4xx_gpio.o
    0x0800490a   0x00000002   PAD
    0x0800490c   0x00000048   Code   RO         2721    i.GetKeyBit         key.o
    0x08004954   0x000000a0   Code   RO         3037    i.GetMedian         mlx90640_api.o
    0x080049f4   0x00000034   Code   RO         5362    i.Get_SerialNum     usbd_desc.o
    0x08004a28   0x00000004   Code   RO          229    i.HardFault_Handler  stm32f4xx_it.o
    0x08004a2c   0x000000a4   Code   RO         2493    i.I2CReadBytes      mlx90640_swi2c_driver.o
    0x08004ad0   0x00000064   Code   RO         2494    i.I2CReceiveAck     mlx90640_swi2c_driver.o
    0x08004b34   0x00000060   Code   RO         2495    i.I2CRepeatedStart  mlx90640_swi2c_driver.o
    0x08004b94   0x00000058   Code   RO         2496    i.I2CSendACK        mlx90640_swi2c_driver.o
    0x08004bec   0x00000084   Code   RO         2497    i.I2CSendByte       mlx90640_swi2c_driver.o
    0x08004c70   0x00000058   Code   RO         2498    i.I2CSendNack       mlx90640_swi2c_driver.o
    0x08004cc8   0x00000054   Code   RO         2499    i.I2CStart          mlx90640_swi2c_driver.o
    0x08004d1c   0x0000004c   Code   RO         2500    i.I2CStop           mlx90640_swi2c_driver.o
    0x08004d68   0x00000038   Code   RO         2501    i.IIC_GPIO_Init     mlx90640_swi2c_driver.o
    0x08004da0   0x0000003e   Code   RO         5363    i.IntToUnicode      usbd_desc.o
    0x08004dde   0x00000032   Code   RO         3038    i.IsPixelBad        mlx90640_api.o
    0x08004e10   0x0000009c   Code   RO         2722    i.KeyAction         key.o
    0x08004eac   0x00000104   Code   RO         2723    i.KeyScan           key.o
    0x08004fb0   0x000000ac   Code   RO         2801    i.LCD_DrawLine      lcd.o
    0x0800505c   0x00000020   Code   RO         2802    i.LCD_DrawPoint     lcd.o
    0x0800507c   0x00000044   Code   RO         2803    i.LCD_Fill          lcd.o
    0x080050c0   0x00000168   Code   RO         2804    i.LCD_GPIO_Init     lcd.o
    0x08005228   0x0000007c   Code   RO         2805    i.LCD_N             lcd.o
    0x080052a4   0x0000000c   Code   RO         2806    i.LCD_RD_DATA       lcd.o
    0x080052b0   0x0000004c   Code   RO         3511    i.LCD_ReadPoint     bmp.o
    0x080052fc   0x00000030   Code   RO         2807    i.LCD_Reset         lcd.o
    0x0800532c   0x00000038   Code   RO         2904    i.LCD_SetCursor     lcd.o
    0x08005364   0x000000f6   Code   RO         2808    i.LCD_ShowNum       lcd.o
    0x0800545a   0x00000030   Code   RO         2809    i.LCD_ShowString    lcd.o
    0x0800548a   0x00000002   PAD
    0x0800548c   0x00000088   Code   RO         2810    i.LCD_Showchar      lcd.o
    0x08005514   0x00000064   Code   RO         3409    i.LCD_Snapshot      tft_core.o
    0x08005578   0x0000002c   Code   RO         3410    i.LCD_drawFastHLine  tft_core.o
    0x080055a4   0x0000002c   Code   RO         3411    i.LCD_drawFastVLine  tft_core.o
    0x080055d0   0x00000078   Code   RO         3412    i.LCD_drawRect      tft_core.o
    0x08005648   0x0000002c   Code   RO         3413    i.LCD_fillRect      tft_core.o
    0x08005674   0x000001fc   Code   RO         2812    i.LCD_init          lcd.o
    0x08005870   0x00000028   Code   RO         3414    i.LCD_putPixel      tft_core.o
    0x08005898   0x0000003c   Code   RO         3415    i.LCD_setAddressWindow  tft_core.o
    0x080058d4   0x00000048   Code   RO         2813    i.LCD_setwindow     lcd.o
    0x0800591c   0x000003b0   Code   RO         3039    i.MLX90640_BadPixelsCorrection  mlx90640_api.o
    0x08005ccc   0x00000018   Code   RO         3040    i.MLX90640_DumpEE   mlx90640_api.o
    0x08005ce4   0x00000088   Code   RO         3041    i.MLX90640_ExtractParameters  mlx90640_api.o
    0x08005d6c   0x00000026   Code   RO         3042    i.MLX90640_GetCurMode  mlx90640_api.o
    0x08005d92   0x000000c4   Code   RO         3044    i.MLX90640_GetFrameData  mlx90640_api.o
    0x08005e56   0x00000002   PAD
    0x08005e58   0x00000110   Code   RO         3048    i.MLX90640_GetTa    mlx90640_api.o
    0x08005f68   0x000000e4   Code   RO         3049    i.MLX90640_GetVdd   mlx90640_api.o
    0x0800604c   0x000000fc   Code   RO         2504    i.MLX90640_I2CRead  mlx90640_swi2c_driver.o
    0x08006148   0x000000a4   Code   RO         2505    i.MLX90640_I2CWrite  mlx90640_swi2c_driver.o
    0x080061ec   0x00000030   Code   RO         3050    i.MLX90640_SetChessMode  mlx90640_api.o
    0x0800621c   0x0000003a   Code   RO         3052    i.MLX90640_SetRefreshRate  mlx90640_api.o
    0x08006256   0x00000002   PAD
    0x08006258   0x00000044   Code   RO         5051    i.MSC_BOT_Abort     usbd_msc_bot.o
    0x0800629c   0x000000d0   Code   RO         5052    i.MSC_BOT_CBW_Decode  usbd_msc_bot.o
    0x0800636c   0x0000003c   Code   RO         5053    i.MSC_BOT_CplClrFeature  usbd_msc_bot.o
    0x080063a8   0x00000050   Code   RO         5054    i.MSC_BOT_DataIn    usbd_msc_bot.o
    0x080063f8   0x00000044   Code   RO         5055    i.MSC_BOT_DataOut   usbd_msc_bot.o
    0x0800643c   0x0000000c   Code   RO         5056    i.MSC_BOT_DeInit    usbd_msc_bot.o
    0x08006448   0x00000048   Code   RO         5057    i.MSC_BOT_Init      usbd_msc_bot.o
    0x08006490   0x0000002c   Code   RO         5058    i.MSC_BOT_Reset     usbd_msc_bot.o
    0x080064bc   0x00000040   Code   RO         5059    i.MSC_BOT_SendCSW   usbd_msc_bot.o
    0x080064fc   0x00000048   Code   RO         5060    i.MSC_BOT_SendData  usbd_msc_bot.o
    0x08006544   0x000000a4   Code   RO         2724    i.MX_GPIO_Init      key.o
    0x080065e8   0x00000084   Code   RO         2998    i.MYDMA_Config      dma.o
    0x0800666c   0x0000002c   Code   RO         2999    i.MYDMA_Enable      dma.o
    0x08006698   0x00000004   Code   RO          230    i.MemManage_Handler  stm32f4xx_it.o
    0x0800669c   0x00000002   Code   RO          231    i.NMI_Handler       stm32f4xx_it.o
    0x0800669e   0x00000002   PAD
    0x080066a0   0x00000078   Code   RO          611    i.NVIC_Init         misc.o
    0x08006718   0x00000014   Code   RO          612    i.NVIC_PriorityGroupConfig  misc.o
    0x0800672c   0x00000010   Code   RO         5491    i.OTG_FS_IRQHandler  usbd_usr.o
    0x0800673c   0x00000002   Code   RO          232    i.PendSV_Handler    stm32f4xx_it.o
    0x0800673e   0x00000002   PAD
    0x08006740   0x00000020   Code   RO          651    i.RCC_AHB1PeriphClockCmd  stm32f4xx_rcc.o
    0x08006760   0x00000020   Code   RO          654    i.RCC_AHB2PeriphClockCmd  stm32f4xx_rcc.o
    0x08006780   0x00000020   Code   RO          657    i.RCC_AHB3PeriphClockCmd  stm32f4xx_rcc.o
    0x080067a0   0x00000020   Code   RO          660    i.RCC_APB1PeriphClockCmd  stm32f4xx_rcc.o
    0x080067c0   0x00000020   Code   RO          662    i.RCC_APB1PeriphResetCmd  stm32f4xx_rcc.o
    0x080067e0   0x00000020   Code   RO          663    i.RCC_APB2PeriphClockCmd  stm32f4xx_rcc.o
    0x08006800   0x00000020   Code   RO          665    i.RCC_APB2PeriphResetCmd  stm32f4xx_rcc.o
    0x08006820   0x000000e8   Code   RO          672    i.RCC_GetClocksFreq  stm32f4xx_rcc.o
    0x08006908   0x0000000c   Code   RO           12    i.RCC_PeriphInit    main.o
    0x08006914   0x0000002c   Code   RO         5206    i.SCSI_CheckAddressRange  usbd_msc_scsi.o
    0x08006940   0x00000058   Code   RO         5207    i.SCSI_Inquiry      usbd_msc_scsi.o
    0x08006998   0x00000030   Code   RO         5208    i.SCSI_ModeSense10  usbd_msc_scsi.o
    0x080069c8   0x00000030   Code   RO         5209    i.SCSI_ModeSense6   usbd_msc_scsi.o
    0x080069f8   0x000000d8   Code   RO         5210    i.SCSI_ProcessCmd   usbd_msc_scsi.o
    0x08006ad0   0x000000c4   Code   RO         5211    i.SCSI_ProcessRead  usbd_msc_scsi.o
    0x08006b94   0x000000d8   Code   RO         5212    i.SCSI_ProcessWrite  usbd_msc_scsi.o
    0x08006c6c   0x00000104   Code   RO         5213    i.SCSI_Read10       usbd_msc_scsi.o
    0x08006d70   0x0000008c   Code   RO         5214    i.SCSI_ReadCapacity10  usbd_msc_scsi.o
    0x08006dfc   0x00000088   Code   RO         5215    i.SCSI_ReadFormatCapacity  usbd_msc_scsi.o
    0x08006e84   0x00000098   Code   RO         5216    i.SCSI_RequestSense  usbd_msc_scsi.o
    0x08006f1c   0x0000003c   Code   RO         5217    i.SCSI_SenseCode    usbd_msc_scsi.o
    0x08006f58   0x00000010   Code   RO         5218    i.SCSI_StartStopUnit  usbd_msc_scsi.o
    0x08006f68   0x00000050   Code   RO         5219    i.SCSI_TestUnitReady  usbd_msc_scsi.o
    0x08006fb8   0x00000078   Code   RO         5220    i.SCSI_Verify10     usbd_msc_scsi.o
    0x08007030   0x00000144   Code   RO         5221    i.SCSI_Write10      usbd_msc_scsi.o
    0x08007174   0x00000018   Code   RO         2280    i.SPI_CalculateCRC  stm32f4xx_spi.o
    0x0800718c   0x00000018   Code   RO         2281    i.SPI_Cmd           stm32f4xx_spi.o
    0x080071a4   0x00000058   Code   RO         2288    i.SPI_I2S_DeInit    stm32f4xx_spi.o
    0x080071fc   0x00000012   Code   RO         2289    i.SPI_I2S_GetFlagStatus  stm32f4xx_spi.o
    0x0800720e   0x0000003c   Code   RO         2294    i.SPI_Init          stm32f4xx_spi.o
    0x0800724a   0x00000028   Code   RO         5432    i.STORAGE_GetCapacity  usbd_storage_msd.o
    0x08007272   0x00000004   Code   RO         5433    i.STORAGE_GetMaxLun  usbd_storage_msd.o
    0x08007276   0x00000010   Code   RO         5434    i.STORAGE_Init      usbd_storage_msd.o
    0x08007286   0x00000002   PAD
    0x08007288   0x00000018   Code   RO         5435    i.STORAGE_IsReady   usbd_storage_msd.o
    0x080072a0   0x00000006   Code   RO         5436    i.STORAGE_IsWriteProtected  usbd_storage_msd.o
    0x080072a6   0x00000002   PAD
    0x080072a8   0x00000064   Code   RO         5437    i.STORAGE_Read      usbd_storage_msd.o
    0x0800730c   0x0000005c   Code   RO         5438    i.STORAGE_Write     usbd_storage_msd.o
    0x08007368   0x00000002   Code   RO          233    i.SVC_Handler       stm32f4xx_it.o
    0x0800736a   0x00000002   PAD
    0x0800736c   0x000000d0   Code   RO         2725    i.SetAutoRuleUpDown  key.o
    0x0800743c   0x00000238   Code   RO         2604    i.SetDispBuf        imagehandle.o
    0x08007674   0x000000c8   Code   RO         2726    i.SetDownTemp       key.o
    0x0800773c   0x00000030   Code   RO         2727    i.SetEmissivityDown  key.o
    0x0800776c   0x00000030   Code   RO         2728    i.SetEmissivityUp   key.o
    0x0800779c   0x00000154   Code   RO         2605    i.SetSmoothingCoefficient  imagehandle.o
    0x080078f0   0x000000ec   Code   RO         2435    i.SetSysClock       system_stm32f4xx.o
    0x080079dc   0x00000214   Code   RO         2729    i.SetTemp           key.o
    0x08007bf0   0x000000bc   Code   RO         2730    i.SetUpTemp         key.o
    0x08007cac   0x00000008   Code   RO          234    i.SysTick_Handler   stm32f4xx_it.o
    0x08007cb4   0x0000002c   Code   RO         4351    i.SysTick_Increment  os_global.o
    0x08007ce0   0x00000068   Code   RO         4352    i.SysTick_Init      os_global.o
    0x08007d48   0x00000068   Code   RO         2437    i.SystemInit        system_stm32f4xx.o
    0x08007db0   0x0000005e   Code   RO         2814    i.TFT_FSMCConf      lcd.o
    0x08007e0e   0x00000002   PAD
    0x08007e10   0x00000084   Code   RO         2606    i.Tmp2Color         imagehandle.o
    0x08007e94   0x00000012   Code   RO         1683    i.USART_ClearFlag   stm32f4xx_usart.o
    0x08007ea6   0x00000018   Code   RO         1687    i.USART_Cmd         stm32f4xx_usart.o
    0x08007ebe   0x00000012   Code   RO         1688    i.USART_DMACmd      stm32f4xx_usart.o
    0x08007ed0   0x000000d4   Code   RO         1694    i.USART_Init        stm32f4xx_usart.o
    0x08007fa4   0x00000016   Code   RO         4800    i.USBD_ClrCfg       usbd_core.o
    0x08007fba   0x00000048   Code   RO         4957    i.USBD_ClrFeature   usbd_req.o
    0x08008002   0x0000001e   Code   RO         4905    i.USBD_CtlContinueRx  usbd_ioreq.o
    0x08008020   0x0000001e   Code   RO         4906    i.USBD_CtlContinueSendData  usbd_ioreq.o
    0x0800803e   0x0000001e   Code   RO         4958    i.USBD_CtlError     usbd_req.o
    0x0800805c   0x00000024   Code   RO         4908    i.USBD_CtlReceiveStatus  usbd_ioreq.o
    0x08008080   0x0000002e   Code   RO         4909    i.USBD_CtlSendData  usbd_ioreq.o
    0x080080ae   0x00000024   Code   RO         4910    i.USBD_CtlSendStatus  usbd_ioreq.o
    0x080080d2   0x000000e8   Code   RO         4801    i.USBD_DataInStage  usbd_core.o
    0x080081ba   0x00000096   Code   RO         4802    i.USBD_DataOutStage  usbd_core.o
    0x08008250   0x00000006   Code   RO         4803    i.USBD_DeInit       usbd_core.o
    0x08008256   0x00000002   PAD
    0x08008258   0x00000054   Code   RO         4959    i.USBD_GetConfig    usbd_req.o
    0x080082ac   0x00000112   Code   RO         4960    i.USBD_GetDescriptor  usbd_req.o
    0x080083be   0x00000014   Code   RO         4961    i.USBD_GetLen       usbd_req.o
    0x080083d2   0x00000014   Code   RO         4911    i.USBD_GetRxCount   usbd_ioreq.o
    0x080083e6   0x00000002   PAD
    0x080083e8   0x00000050   Code   RO         4962    i.USBD_GetStatus    usbd_req.o
    0x08008438   0x00000052   Code   RO         4963    i.USBD_GetString    usbd_req.o
    0x0800848a   0x00000042   Code   RO         4804    i.USBD_Init         usbd_core.o
    0x080084cc   0x00000012   Code   RO         4805    i.USBD_IsoINIncomplete  usbd_core.o
    0x080084de   0x00000012   Code   RO         4806    i.USBD_IsoOUTIncomplete  usbd_core.o
    0x080084f0   0x00000012   Code   RO         5134    i.USBD_MSC_DataIn   usbd_msc_core.o
    0x08008502   0x00000012   Code   RO         5135    i.USBD_MSC_DataOut  usbd_msc_core.o
    0x08008514   0x00000020   Code   RO         5136    i.USBD_MSC_DeInit   usbd_msc_core.o
    0x08008534   0x00000010   Code   RO         5137    i.USBD_MSC_GetCfgDesc  usbd_msc_core.o
    0x08008544   0x00000030   Code   RO         5138    i.USBD_MSC_Init     usbd_msc_core.o
    0x08008574   0x00000120   Code   RO         5139    i.USBD_MSC_Setup    usbd_msc_core.o
    0x08008694   0x000000e0   Code   RO         4732    i.USBD_OTG_ISR_Handler  usb_dcd_int.o
    0x08008774   0x00000048   Code   RO         4964    i.USBD_ParseSetupRequest  usbd_req.o
    0x080087bc   0x00000032   Code   RO         4807    i.USBD_Reset        usbd_core.o
    0x080087ee   0x0000001e   Code   RO         4808    i.USBD_Resume       usbd_core.o
    0x0800880c   0x00000014   Code   RO         4809    i.USBD_RunTestMode  usbd_core.o
    0x08008820   0x0000001a   Code   RO         4810    i.USBD_SOF          usbd_core.o
    0x0800883a   0x0000005c   Code   RO         4965    i.USBD_SetAddress   usbd_req.o
    0x08008896   0x0000001e   Code   RO         4811    i.USBD_SetCfg       usbd_core.o
    0x080088b4   0x000000d0   Code   RO         4966    i.USBD_SetConfig    usbd_req.o
    0x08008984   0x000000b0   Code   RO         4967    i.USBD_SetFeature   usbd_req.o
    0x08008a34   0x00000054   Code   RO         4812    i.USBD_SetupStage   usbd_core.o
    0x08008a88   0x00000072   Code   RO         4968    i.USBD_StdDevReq    usbd_req.o
    0x08008afa   0x00000002   PAD
    0x08008afc   0x00000178   Code   RO         4969    i.USBD_StdEPReq     usbd_req.o
    0x08008c74   0x0000004c   Code   RO         4970    i.USBD_StdItfReq    usbd_req.o
    0x08008cc0   0x00000020   Code   RO         4813    i.USBD_Suspend      usbd_core.o
    0x08008ce0   0x00000034   Code   RO         5364    i.USBD_USR_ConfigStrDescriptor  usbd_desc.o
    0x08008d14   0x00000002   Code   RO         5492    i.USBD_USR_DeviceConfigured  usbd_usr.o
    0x08008d16   0x00000002   PAD
    0x08008d18   0x0000000c   Code   RO         5493    i.USBD_USR_DeviceConnected  usbd_usr.o
    0x08008d24   0x00000010   Code   RO         5365    i.USBD_USR_DeviceDescriptor  usbd_desc.o
    0x08008d34   0x0000000c   Code   RO         5494    i.USBD_USR_DeviceDisconnected  usbd_usr.o
    0x08008d40   0x00000012   Code   RO         5495    i.USBD_USR_DeviceReset  usbd_usr.o
    0x08008d52   0x00000002   Code   RO         5496    i.USBD_USR_DeviceResumed  usbd_usr.o
    0x08008d54   0x00000002   Code   RO         5497    i.USBD_USR_DeviceSuspended  usbd_usr.o
    0x08008d56   0x00000002   Code   RO         5498    i.USBD_USR_Init     usbd_usr.o
    0x08008d58   0x00000038   Code   RO         5366    i.USBD_USR_InterfaceStrDescriptor  usbd_desc.o
    0x08008d90   0x00000010   Code   RO         5367    i.USBD_USR_LangIDStrDescriptor  usbd_desc.o
    0x08008da0   0x0000002c   Code   RO         5368    i.USBD_USR_ManufacturerStrDescriptor  usbd_desc.o
    0x08008dcc   0x00000058   Code   RO         5369    i.USBD_USR_ProductStrDescriptor  usbd_desc.o
    0x08008e24   0x00000018   Code   RO         5370    i.USBD_USR_SerialStrDescriptor  usbd_desc.o
    0x08008e3c   0x00000024   Code   RO         5557    i.USB_Init          usb_app.o
    0x08008e60   0x0000002c   Code   RO         5313    i.USB_OTG_BSP_EnableInterrupt  usb_bsp.o
    0x08008e8c   0x00000094   Code   RO         5314    i.USB_OTG_BSP_Init  usb_bsp.o
    0x08008f20   0x0000000c   Code   RO         5315    i.USB_OTG_BSP_mDelay  usb_bsp.o
    0x08008f2c   0x00000014   Code   RO         5316    i.USB_OTG_BSP_uDelay  usb_bsp.o
    0x08008f40   0x00000126   Code   RO         4391    i.USB_OTG_CoreInit  usb_core.o
    0x08009066   0x0000020a   Code   RO         4392    i.USB_OTG_CoreInitDev  usb_core.o
    0x08009270   0x00000070   Code   RO         4393    i.USB_OTG_CoreReset  usb_core.o
    0x080092e0   0x00000022   Code   RO         4394    i.USB_OTG_DisableGlobalInt  usb_core.o
    0x08009302   0x00000074   Code   RO         4395    i.USB_OTG_EP0Activate  usb_core.o
    0x08009376   0x00000156   Code   RO         4396    i.USB_OTG_EP0StartXfer  usb_core.o
    0x080094cc   0x00000062   Code   RO         4397    i.USB_OTG_EP0_OutStart  usb_core.o
    0x0800952e   0x00000098   Code   RO         4398    i.USB_OTG_EPActivate  usb_core.o
    0x080095c6   0x00000050   Code   RO         4399    i.USB_OTG_EPClearStall  usb_core.o
    0x08009616   0x0000009a   Code   RO         4400    i.USB_OTG_EPDeactivate  usb_core.o
    0x080096b0   0x00000064   Code   RO         4401    i.USB_OTG_EPSetStall  usb_core.o
    0x08009714   0x000001fe   Code   RO         4402    i.USB_OTG_EPStartXfer  usb_core.o
    0x08009912   0x00000034   Code   RO         4403    i.USB_OTG_EnableCommonInt  usb_core.o
    0x08009946   0x0000009a   Code   RO         4404    i.USB_OTG_EnableDevInt  usb_core.o
    0x080099e0   0x00000022   Code   RO         4405    i.USB_OTG_EnableGlobalInt  usb_core.o
    0x08009a02   0x00000002   PAD
    0x08009a04   0x0000004c   Code   RO         4406    i.USB_OTG_FlushRxFifo  usb_core.o
    0x08009a50   0x00000054   Code   RO         4407    i.USB_OTG_FlushTxFifo  usb_core.o
    0x08009aa4   0x00000038   Code   RO         4408    i.USB_OTG_GetDeviceSpeed  usb_core.o
    0x08009adc   0x0000000c   Code   RO         4410    i.USB_OTG_GetMode   usb_core.o
    0x08009ae8   0x00000018   Code   RO         4411    i.USB_OTG_InitDevSpeed  usb_core.o
    0x08009b00   0x00000016   Code   RO         4412    i.USB_OTG_IsDeviceMode  usb_core.o
    0x08009b16   0x00000010   Code   RO         4414    i.USB_OTG_ReadCoreItr  usb_core.o
    0x08009b26   0x00000010   Code   RO         4415    i.USB_OTG_ReadDevAllInEPItr  usb_core.o
    0x08009b36   0x00000010   Code   RO         4416    i.USB_OTG_ReadDevAllOutEp_itr  usb_core.o
    0x08009b46   0x00000014   Code   RO         4417    i.USB_OTG_ReadDevOutEP_itr  usb_core.o
    0x08009b5a   0x00000028   Code   RO         4419    i.USB_OTG_ReadPacket  usb_core.o
    0x08009b82   0x00000002   PAD
    0x08009b84   0x000000d0   Code   RO         4420    i.USB_OTG_SelectCore  usb_core.o
    0x08009c54   0x0000004e   Code   RO         4421    i.USB_OTG_SetCurrentMode  usb_core.o
    0x08009ca2   0x0000003e   Code   RO         4425    i.USB_OTG_WritePacket  usb_core.o
    0x08009ce0   0x00000004   Code   RO          235    i.UsageFault_Handler  stm32f4xx_it.o
    0x08009ce4   0x0000000e   Code   RO         2506    i.Wait              mlx90640_swi2c_driver.o
    0x08009cf2   0x00000002   PAD
    0x08009cf4   0x00000030   Code   RO         5718    i.__0snprintf$3     mc_w.l(printf3.o)
    0x08009d24   0x00000030   Code   RO         5921    i.__ARM_fpclassify  m_wm.l(fpclassify.o)
    0x08009d54   0x00000014   Code   RO         5579    i.__hardfp_fabs     m_wm.l(fabs.o)
    0x08009d68   0x00000c50   Code   RO         5585    i.__hardfp_pow      m_wm.l(pow.o)
    0x0800a9b8   0x0000007a   Code   RO         5599    i.__hardfp_sqrt     m_wm.l(sqrt.o)
    0x0800aa32   0x000000f8   Code   RO         5923    i.__kernel_poly     m_wm.l(poly.o)
    0x0800ab2a   0x00000006   PAD
    0x0800ab30   0x00000030   Code   RO         5907    i.__mathlib_dbl_divzero  m_wm.l(dunder.o)
    0x0800ab60   0x00000014   Code   RO         5909    i.__mathlib_dbl_infnan2  m_wm.l(dunder.o)
    0x0800ab74   0x00000004   PAD
    0x0800ab78   0x00000020   Code   RO         5910    i.__mathlib_dbl_invalid  m_wm.l(dunder.o)
    0x0800ab98   0x00000020   Code   RO         5911    i.__mathlib_dbl_overflow  m_wm.l(dunder.o)
    0x0800abb8   0x00000020   Code   RO         5913    i.__mathlib_dbl_underflow  m_wm.l(dunder.o)
    0x0800abd8   0x0000000e   Code   RO         6011    i.__scatterload_copy  mc_w.l(handlers.o)
    0x0800abe6   0x00000002   Code   RO         6012    i.__scatterload_null  mc_w.l(handlers.o)
    0x0800abe8   0x0000000e   Code   RO         6013    i.__scatterload_zeroinit  mc_w.l(handlers.o)
    0x0800abf6   0x00000002   PAD
    0x0800abf8   0x0000000c   Code   RO         5981    i.__set_errno       mc_w.l(errno.o)
    0x0800ac04   0x000001b8   Code   RO         5724    i._printf_core      mc_w.l(printf3.o)
    0x0800adbc   0x00000016   Code   RO         5725    i._snputc           mc_w.l(printf3.o)
    0x0800add2   0x00000120   Code   RO         3638    i.aai_write         sfud.o
    0x0800aef2   0x00000002   PAD
    0x0800aef4   0x00000164   Code   RO         3512    i.bmp_encode        bmp.o
    0x0800b058   0x00000098   Code   RO         3868    i.check_fs          ff.o
    0x0800b0f0   0x00000014   Code   RO         3869    i.chk_chr           ff.o
    0x0800b104   0x00000090   Code   RO         3870    i.chk_lock          ff.o
    0x0800b194   0x00000030   Code   RO         3871    i.clear_lock        ff.o
    0x0800b1c4   0x00000038   Code   RO         3872    i.clmt_clust        ff.o
    0x0800b1fc   0x00000020   Code   RO         3873    i.clust2sect        ff.o
    0x0800b21c   0x00000090   Code   RO         3874    i.cmp_lfn           ff.o
    0x0800b2ac   0x000000ea   Code   RO         3875    i.create_chain      ff.o
    0x0800b396   0x00000002   PAD
    0x0800b398   0x00000230   Code   RO         3876    i.create_name       ff.o
    0x0800b5c8   0x0000004c   Code   RO         3877    i.dec_lock          ff.o
    0x0800b614   0x0000001a   Code   RO         2468    i.delay_ms          delay.o
    0x0800b62e   0x00000002   PAD
    0x0800b630   0x00000088   Code   RO         2469    i.delay_us          delay.o
    0x0800b6b8   0x00000064   Code   RO         3878    i.dir_alloc         ff.o
    0x0800b71c   0x00000102   Code   RO         3879    i.dir_find          ff.o
    0x0800b81e   0x0000015a   Code   RO         3880    i.dir_next          ff.o
    0x0800b978   0x0000014a   Code   RO         3882    i.dir_register      ff.o
    0x0800bac2   0x000000c8   Code   RO         3884    i.dir_sdi           ff.o
    0x0800bb8a   0x00000020   Code   RO         3819    i.disk_initialize   diskio.o
    0x0800bbaa   0x00000028   Code   RO         3820    i.disk_ioctl        diskio.o
    0x0800bbd2   0x0000002e   Code   RO         3821    i.disk_read         diskio.o
    0x0800bc00   0x00000006   Code   RO         3822    i.disk_status       diskio.o
    0x0800bc06   0x0000002e   Code   RO         3823    i.disk_write        diskio.o
    0x0800bc34   0x00000028   Code   RO         3885    i.enq_lock          ff.o
    0x0800bc5c   0x00000052   Code   RO         4293    i.exf_getfree       fatfs_demo.o
    0x0800bcae   0x0000002e   Code   RO         3887    i.f_close           ff.o
    0x0800bcdc   0x0000002a   Code   RO         3888    i.f_closedir        ff.o
    0x0800bd06   0x00000112   Code   RO         3891    i.f_getfree         ff.o
    0x0800be18   0x00000170   Code   RO         3894    i.f_mkdir           ff.o
    0x0800bf88   0x00000644   Code   RO         3895    i.f_mkfs            ff.o
    0x0800c5cc   0x00000064   Code   RO         3896    i.f_mount           ff.o
    0x0800c630   0x000001c8   Code   RO         3897    i.f_open            ff.o
    0x0800c7f8   0x000000b0   Code   RO         3898    i.f_opendir         ff.o
    0x0800c8a8   0x000000ca   Code   RO         3906    i.f_sync            ff.o
    0x0800c972   0x00000256   Code   RO         3910    i.f_write           ff.o
    0x0800cbc8   0x00000018   Code   RO         5581    i.fabs              m_wm.l(fabs.o)
    0x0800cbe0   0x0000004c   Code   RO         4256    i.ff_convert        ccsbcs.o
    0x0800cc2c   0x00000038   Code   RO         4257    i.ff_wtoupper       ccsbcs.o
    0x0800cc64   0x000003dc   Code   RO         3911    i.find_volume       ff.o
    0x0800d040   0x00000080   Code   RO         3912    i.fit_lfn           ff.o
    0x0800d0c0   0x0000003e   Code   RO         3234    i.flash_disk_read   spi_flash_interface.o
    0x0800d0fe   0x0000002a   Code   RO         3235    i.flash_disk_write  spi_flash_interface.o
    0x0800d128   0x0000000c   Code   RO         3236    i.flash_get_total_capacity  spi_flash_interface.o
    0x0800d134   0x00000010   Code   RO         3237    i.flash_initialize  spi_flash_interface.o
    0x0800d144   0x00000046   Code   RO         3238    i.flash_ioctl       spi_flash_interface.o
    0x0800d18a   0x00000024   Code   RO         3239    i.flash_mal_read    spi_flash_interface.o
    0x0800d1ae   0x00000002   PAD
    0x0800d1b0   0x000000a0   Code   RO         3240    i.flash_mal_write   spi_flash_interface.o
    0x0800d250   0x0000000c   Code   RO         3241    i.flash_set_total_capacity  spi_flash_interface.o
    0x0800d25c   0x0000009c   Code   RO         3913    i.follow_path       ff.o
    0x0800d2f8   0x000000b4   Code   RO         3914    i.gen_numname       ff.o
    0x0800d3ac   0x000000ee   Code   RO         3916    i.get_fat           ff.o
    0x0800d49a   0x00000004   Code   RO         3824    i.get_fattime       diskio.o
    0x0800d49e   0x0000004a   Code   RO         3918    i.get_ldnumber      ff.o
    0x0800d4e8   0x000000f4   Code   RO         3568    i.gpio_configuration  sfud_port.o
    0x0800d5dc   0x000001c0   Code   RO         3639    i.hardware_init     sfud.o
    0x0800d79c   0x000000e8   Code   RO         3919    i.inc_lock          ff.o
    0x0800d884   0x00000022   Code   RO         3920    i.ld_clust          ff.o
    0x0800d8a6   0x00000002   PAD
    0x0800d8a8   0x0000034c   Code   RO           13    i.main              main.o
    0x0800dbf4   0x0000002c   Code   RO         3640    i.make_adress_byte_array  sfud.o
    0x0800dc20   0x00000026   Code   RO         3921    i.mem_cmp           ff.o
    0x0800dc46   0x0000001a   Code   RO         3922    i.mem_cpy           ff.o
    0x0800dc60   0x00000014   Code   RO         3923    i.mem_set           ff.o
    0x0800dc74   0x00000038   Code   RO         3924    i.move_window       ff.o
    0x0800dcac   0x000000fc   Code   RO         3641    i.page256_or_1_byte_write  sfud.o
    0x0800dda8   0x00000146   Code   RO         3927    i.put_fat           ff.o
    0x0800deee   0x00000002   PAD
    0x0800def0   0x00000040   Code   RO         3569    i.rcc_configuration  sfud_port.o
    0x0800df30   0x00000066   Code   RO         3780    i.read_basic_header  sfud_sfdp.o
    0x0800df96   0x00000210   Code   RO         3781    i.read_basic_table  sfud_sfdp.o
    0x0800e1a6   0x00000038   Code   RO         3642    i.read_jedec_id     sfud.o
    0x0800e1de   0x0000003c   Code   RO         3782    i.read_sfdp_data    sfud_sfdp.o
    0x0800e21a   0x00000062   Code   RO         3783    i.read_sfdp_header  sfud_sfdp.o
    0x0800e27c   0x0000007a   Code   RO         3929    i.remove_chain      ff.o
    0x0800e2f6   0x0000003a   Code   RO         3643    i.reset             sfud.o
    0x0800e330   0x0000000e   Code   RO         3570    i.retry_delay_100us  sfud_port.o
    0x0800e33e   0x00000046   Code   RO         3644    i.set_4_byte_address_mode  sfud.o
    0x0800e384   0x0000005c   Code   RO         3645    i.set_write_enabled  sfud.o
    0x0800e3e0   0x00000090   Code   RO         3646    i.sfud_chip_erase   sfud.o
    0x0800e470   0x0000002c   Code   RO         3647    i.sfud_device_init  sfud.o
    0x0800e49c   0x00000128   Code   RO         3648    i.sfud_erase        sfud.o
    0x0800e5c4   0x00000008   Code   RO         3652    i.sfud_get_device_table  sfud.o
    0x0800e5cc   0x00000038   Code   RO         3653    i.sfud_init         sfud.o
    0x0800e604   0x0000007a   Code   RO         3654    i.sfud_read         sfud.o
    0x0800e67e   0x00000024   Code   RO         3784    i.sfud_read_sfdp    sfud_sfdp.o
    0x0800e6a2   0x0000001e   Code   RO         3655    i.sfud_read_status  sfud.o
    0x0800e6c0   0x00000056   Code   RO         3785    i.sfud_sfdp_get_suitable_eraser  sfud_sfdp.o
    0x0800e716   0x00000002   PAD
    0x0800e718   0x00000058   Code   RO         3573    i.sfud_spi_port_init  sfud_port.o
    0x0800e770   0x0000004c   Code   RO         3656    i.sfud_write        sfud.o
    0x0800e7bc   0x00000064   Code   RO         3657    i.sfud_write_status  sfud.o
    0x0800e820   0x00000006   Code   RO         3658    i.software_init     sfud.o
    0x0800e826   0x0000005c   Code   RO         3574    i.spi_configuration  sfud_port.o
    0x0800e882   0x00000004   Code   RO         3575    i.spi_lock          sfud_port.o
    0x0800e886   0x00000004   Code   RO         3576    i.spi_unlock        sfud_port.o
    0x0800e88a   0x000000c8   Code   RO         3577    i.spi_write_read    sfud_port.o
    0x0800e952   0x0000006e   Code   RO         5601    i.sqrt              m_wm.l(sqrt.o)
    0x0800e9c0   0x00000010   Code   RO         3930    i.st_clust          ff.o
    0x0800e9d0   0x00000020   Code   RO         3931    i.sum_sfn           ff.o
    0x0800e9f0   0x000000f4   Code   RO         3932    i.sync_fs           ff.o
    0x0800eae4   0x00000060   Code   RO         3933    i.sync_window       ff.o
    0x0800eb44   0x0000007c   Code   RO         2971    i.uart_init         usart.o
    0x0800ebc0   0x00000042   Code   RO         3934    i.validate          ff.o
    0x0800ec02   0x0000003a   Code   RO         3659    i.wait_busy         sfud.o
    0x0800ec3c   0x0000020e   Data   RO         2609    .constdata          imagehandle.o
    0x0800ee4a   0x00000002   PAD
    0x0800ee4c   0x0000000a   Data   RO         2732    .constdata          key.o
    0x0800ee56   0x000008c8   Data   RO         2815    .constdata          lcd.o
    0x0800f71e   0x00000002   PAD
    0x0800f720   0x00000180   Data   RO         3661    .constdata          sfud.o
    0x0800f8a0   0x000000ba   Data   RO         3936    .constdata          ff.o
    0x0800f95a   0x000004c0   Data   RO         4258    .constdata          ccsbcs.o
    0x0800fe1a   0x00000013   Data   RO         4295    .constdata          fatfs_demo.o
    0x0800fe2d   0x00000017   Data   RO         5190    .constdata          usbd_msc_data.o
    0x0800fe44   0x00000046   Data   RO         5439    .constdata          usbd_storage_msd.o
    0x0800fe8a   0x00000006   PAD
    0x0800fe90   0x00000088   Data   RO         5588    .constdata          m_wm.l(pow.o)
    0x0800ff18   0x00000008   Data   RO         5925    .constdata          m_wm.l(qnan.o)
    0x0800ff20   0x000000fd   Data   RO         3662    .conststring        sfud.o
    0x0801001d   0x00000003   PAD
    0x08010020   0x00000020   Data   RO         6009    Region$$Table       anon$$obj.o


    Execution Region ER_RW (Base: 0x20000000, Size: 0x0000024c, Max: 0xffffffff, ABSOLUTE, COMPRESSED[0x00000104])

    Base Addr    Size         Type   Attr      Idx    E Section Name        Object

    0x20000000   0x00000010   Data   RW          695    .data               stm32f4xx_rcc.o
    0x20000010   0x00000014   Data   RW         2438    .data               system_stm32f4xx.o
    0x20000024   0x00000004   Data   RW         2470    .data               delay.o
    0x20000028   0x00000006   Data   RW         2507    .data               mlx90640_swi2c_driver.o
    0x2000002e   0x00000002   PAD
    0x20000030   0x00000016   Data   RW         2610    .data               imagehandle.o
    0x20000046   0x00000009   Data   RW         2733    .data               key.o
    0x2000004f   0x00000001   Data   RW         2972    .data               usart.o
    0x20000050   0x00000004   Data   RW         3243    .data               spi_flash_interface.o
    0x20000054   0x00000002   Data   RW         3513    .data               bmp.o
    0x20000056   0x00000002   PAD
    0x20000058   0x0000000c   Data   RW         3579    .data               sfud_port.o
    0x20000064   0x00000078   Data   RW         3663    .data               sfud.o
    0x200000dc   0x0000000a   Data   RW         3937    .data               ff.o
    0x200000e6   0x00000002   PAD
    0x200000e8   0x00000008   Data   RW         4354    .data               os_global.o
    0x200000f0   0x00000034   Data   RW         4814    .data               usbd_core.o
    0x20000124   0x0000000d   Data   RW         4971    .data               usbd_req.o
    0x20000131   0x00000001   PAD
    0x20000132   0x00000004   Data   RW         5062    .data               usbd_msc_bot.o
    0x20000136   0x00000002   PAD
    0x20000138   0x0000004e   Data   RW         5140    .data               usbd_msc_core.o
    0x20000186   0x00000002   PAD
    0x20000188   0x00000020   Data   RW         5223    .data               usbd_msc_scsi.o
    0x200001a8   0x00000056   Data   RW         5372    .data               usbd_desc.o
    0x200001fe   0x00000002   PAD
    0x20000200   0x00000028   Data   RW         5440    .data               usbd_storage_msd.o
    0x20000228   0x00000020   Data   RW         5499    .data               usbd_usr.o
    0x20000248   0x00000004   Data   RW         5982    .data               mc_w.l(errno.o)


    Execution Region ER_ZI (Base: 0x2000024c, Size: 0x0000b6a4, Max: 0xffffffff, ABSOLUTE)

    Base Addr    Size         Type   Attr      Idx    E Section Name        Object

    0x2000024c   0x00001888   Zero   RW           14    .bss                main.o
    0x20001ad4   0x00000100   Zero   RW         2608    .bss                imagehandle.o
    0x20001bd4   0x0000001e   Zero   RW         2731    .bss                key.o
    0x20001bf2   0x00001000   Zero   RW         3242    .bss                spi_flash_interface.o
    0x20002bf2   0x00000105   Zero   RW         3660    .bss                sfud.o
    0x20002cf7   0x00000001   PAD
    0x20002cf8   0x0000008a   Zero   RW         3935    .bss                ff.o
    0x20002d82   0x00000002   PAD
    0x20002d84   0x000004e8   Zero   RW         4294    .bss                fatfs_demo.o
    0x2000326c   0x00003030   Zero   RW         5061    .bss                usbd_msc_bot.o
    0x2000629c   0x00000020   Zero   RW         5222    .bss                usbd_msc_scsi.o
    0x200062bc   0x00000040   Zero   RW         5371    .bss                usbd_desc.o
    0x200062fc   0x000005f4   Zero   RW         5558    .bss                usb_app.o
    0x200068f0   0x00005000   Zero   RW            1    STACK               startup_stm32f4xx.o



  Load Region LR$$.ARM.__AT_0x10000000 (Base: 0x10000000, Size: 0x00000000, Max: 0x0000ff00, ABSOLUTE)

    Execution Region ER$$.ARM.__AT_0x10000000 (Base: 0x10000000, Size: 0x0000ff00, Max: 0x0000ff00, ABSOLUTE, UNINIT)

    Base Addr    Size         Type   Attr      Idx    E Section Name        Object

    0x10000000   0x0000ff00   Zero   RW         3336    .ARM.__AT_0x10000000  ccm.o


==============================================================================

Image component sizes


      Code (inc. data)   RO Data    RW Data    ZI Data      Debug   Object Name

       208         14          0          0          0       1194   ad.o
       432         32          0          2          0       3456   bmp.o
         0          0          0          0          0       1228   bsp.o
         0          0          0          0      65280        442   ccm.o
       132         16       1216          0          0       2339   ccsbcs.o
       162         16          0          4          0       2466   delay.o
       174          0          0          0          0       4268   diskio.o
       176          4          0          0          0       1646   dma.o
        72         12          0          0          0       1443   eeprom.o
       378         32         19          0       1256       5156   fatfs_demo.o
      9678        178        186         10        138      42913   ff.o
      6292        194        526         22        256      13453   imagehandle.o
      1876        208         10          9         30       6197   key.o
      1976         64       2248          0          0      10331   lcd.o
       972        108          0          0       6280     289665   main.o
       140         24          0          0          0       1471   misc.o
      7992        248          0          0          0      24519   mlx90640_api.o
      1314         84          0          6          0       8470   mlx90640_swi2c_driver.o
       148         28          0          8          0      19805   os_global.o
      2248         22        637        120        261      20718   sfud.o
       710         52          0         12          0       6041   sfud_port.o
       910          0          0          0          0       5697   sfud_sfdp.o
       410         16          0          4       4096      12542   spi_flash_interface.o
        52         14        392          0      20480        840   startup_stm32f4xx.o
       338         24          0          0          0       3685   stm32f4xx_adc.o
       478         26          0          0          0       4110   stm32f4xx_dma.o
       378         36          0          0          0       3795   stm32f4xx_flash.o
       282          6          0          0          0       1745   stm32f4xx_fsmc.o
       218          0          0          0          0       2230   stm32f4xx_gpio.o
        32          0          0          0          0       3998   stm32f4xx_it.o
       456         60          0         16          0       6475   stm32f4xx_rcc.o
       214         12          0          0          0       3397   stm32f4xx_spi.o
       272          8          0          0          0       3126   stm32f4xx_usart.o
       340         32          0         20          0       1713   system_stm32f4xx.o
       542         16          0          0          0       8534   tft_core.o
       124         10          0          1          0        858   usart.o
        36         16          0          0       1524        697   usb_app.o
       224          8          0          0          0       2815   usb_bsp.o
      3484         18          0          0          0      41376   usb_core.o
       702          0          0          0          0       6919   usb_dcd.o
      2240         98          0          0          0      10155   usb_dcd_int.o
       784          6          0         52          0      11512   usbd_core.o
       410        146          0         86         64       7271   usbd_desc.o
       198          0          0          0          0       4646   usbd_ioreq.o
       748        124          0          4      12336       8785   usbd_msc_bot.o
       420         18          0         78          0       5333   usbd_msc_core.o
         0          0         23          0          0        837   usbd_msc_data.o
      2144        280          0         32         32      15329   usbd_msc_scsi.o
      1756         56          0         13          0      11102   usbd_req.o
       282         16         70         40          0       6433   usbd_storage_msd.o
        66         14          0         32          0       4226   usbd_usr.o

    ----------------------------------------------------------------------
     53684       2396       5372        584     112036     667402   Object Totals
         0          0         32          0          0          0   (incl. Generated)
        64          0         13         13          3          0   (incl. Padding)

    ----------------------------------------------------------------------

      Code (inc. data)   RO Data    RW Data    ZI Data      Debug   Library Member Name

       164         44          0          0          0        620   dunder.o
        44          0          0          0          0        248   fabs.o
        48          0          0          0          0        124   fpclassify.o
       248          0          0          0          0        152   poly.o
      3152        296        136          0          0        352   pow.o
         0          0          8          0          0          0   qnan.o
       232          0          0          0          0        296   sqrt.o
        86          0          0          0          0          0   __dczerorl2.o
         0          0          0          0          0          0   entry.o
         0          0          0          0          0          0   entry10a.o
         0          0          0          0          0          0   entry11a.o
         8          4          0          0          0          0   entry2.o
         4          0          0          0          0          0   entry5.o
         0          0          0          0          0          0   entry7b.o
         0          0          0          0          0          0   entry8b.o
         8          4          0          0          0          0   entry9a.o
        12          6          0          4          0         68   errno.o
        30          0          0          0          0          0   handlers.o
        36          8          0          0          0         68   init.o
         0          0          0          0          0          0   iusefp.o
        30          0          0          0          0         68   llshl.o
        36          0          0          0          0         68   llsshr.o
        32          0          0          0          0         68   llushr.o
        36          0          0          0          0         68   memcpya.o
        36          0          0          0          0        108   memseta.o
       510          8          0          0          0        252   printf3.o
        44          0          0          0          0         80   uidiv.o
        98          0          0          0          0         92   uldiv.o
        48          0          0          0          0         68   cdrcmple.o
        56          0          0          0          0         88   d2f.o
       334          0          0          0          0        148   dadd.o
       222          0          0          0          0        100   ddiv.o
       186          0          0          0          0        176   depilogue.o
        34          0          0          0          0         76   dflti.o
        26          0          0          0          0         76   dfltui.o
       228          0          0          0          0         96   dmul.o
        46          0          0          0          0         80   dscalb.o
       162          0          0          0          0        100   dsqrt.o
        38          0          0          0          0         68   f2d.o
       110          0          0          0          0        168   fepilogue.o

    ----------------------------------------------------------------------
      6400        370        144          4          0       3976   Library Totals
        16          0          0          0          0          0   (incl. Padding)

    ----------------------------------------------------------------------

      Code (inc. data)   RO Data    RW Data    ZI Data      Debug   Library Name

      3888        340        144          0          0       1792   m_wm.l
      1006         30          0          4          0        940   mc_w.l
      1490          0          0          0          0       1244   mf_w.l

    ----------------------------------------------------------------------
      6400        370        144          4          0       3976   Library Totals

    ----------------------------------------------------------------------

==============================================================================


      Code (inc. data)   RO Data    RW Data    ZI Data      Debug   

     60084       2766       5516        588     112036     630270   Grand Totals
     60084       2766       5516        260     112036     630270   ELF Image Totals (compressed)
     60084       2766       5516        260          0          0   ROM Totals

==============================================================================

    Total RO  Size (Code + RO Data)                65600 (  64.06kB)
    Total RW  Size (RW Data + ZI Data)            112624 ( 109.98kB)
    Total ROM Size (Code + RO Data + RW Data)      65860 (  64.32kB)

==============================================================================

